Component: ARM Compiler 5.06 update 5 (build 528) Tool: armlink [4d35e2]

==============================================================================

Section Cross References

    main.o(i.main) refers to py32f0xx_hal.o(i.HAL_Init) for HAL_Init
    main.o(i.main) refers to py32f0xx_hal_rcc.o(i.HAL_RCC_OscConfig) for HAL_RCC_OscConfig
    main.o(i.main) refers to py32f002xx_start_kit.o(i.Error_Handler) for Error_Handler
    main.o(i.main) refers to py32f0xx_hal_rcc.o(i.HAL_RCC_ClockConfig) for HAL_RCC_ClockConfig
    main.o(i.main) refers to py32f0xx_hal.o(i.HAL_InitTick) for HAL_InitTick
    main.o(i.main) refers to py32f0xx_hal_flash.o(i.HAL_FLASH_Unlock) for HAL_FLASH_Unlock
    main.o(i.main) refers to py32f0xx_hal_flash.o(i.HAL_FLASH_OB_Unlock) for HAL_FLASH_OB_Unlock
    main.o(i.main) refers to py32f0xx_hal_flash.o(i.HAL_FLASH_OBProgram) for HAL_FLASH_OBProgram
    main.o(i.main) refers to py32f0xx_hal_flash.o(i.HAL_FLASH_Lock) for HAL_FLASH_Lock
    main.o(i.main) refers to py32f0xx_hal_flash.o(i.HAL_FLASH_OB_Lock) for HAL_FLASH_OB_Lock
    main.o(i.main) refers to py32f0xx_hal_flash.o(i.HAL_FLASH_OB_Launch) for HAL_FLASH_OB_Launch
    main.o(i.main) refers to adc.o(i.APP_Tim1Config) for APP_Tim1Config
    main.o(i.main) refers to adc.o(i.APP_ADCConfig) for APP_ADCConfig
    main.o(i.main) refers to relay.o(i.relay_init) for relay_init
    main.o(i.main) refers to aip1820.o(i.AIP1820_init) for AIP1820_init
    main.o(i.main) refers to app.o(i.Init_Task) for Init_Task
    main.o(i.main) refers to app.o(i.TASK_Remarks) for TASK_Remarks
    main.o(i.main) refers to app.o(i.TASK_Process) for TASK_Process
    main.o(i.main) refers to main.o(.data) for .data
    py32f0xx_hal_msp.o(i.HAL_ADC_MspInit) refers to py32f0xx_hal_gpio.o(i.HAL_GPIO_Init) for HAL_GPIO_Init
    py32f0xx_hal_msp.o(i.HAL_ADC_MspInit) refers to py32f0xx_hal_cortex.o(i.HAL_NVIC_SetPriority) for HAL_NVIC_SetPriority
    py32f0xx_hal_msp.o(i.HAL_ADC_MspInit) refers to py32f0xx_hal_cortex.o(i.HAL_NVIC_EnableIRQ) for HAL_NVIC_EnableIRQ
    py32f002xx_start_kit.o(i.BSP_LED_DeInit) refers to py32f0xx_hal_gpio.o(i.HAL_GPIO_WritePin) for HAL_GPIO_WritePin
    py32f002xx_start_kit.o(i.BSP_LED_DeInit) refers to py32f0xx_hal_gpio.o(i.HAL_GPIO_DeInit) for HAL_GPIO_DeInit
    py32f002xx_start_kit.o(i.BSP_LED_DeInit) refers to py32f002xx_start_kit.o(.constdata) for .constdata
    py32f002xx_start_kit.o(i.BSP_LED_DeInit) refers to py32f002xx_start_kit.o(.data) for .data
    py32f002xx_start_kit.o(i.BSP_LED_Init) refers to py32f0xx_hal_gpio.o(i.HAL_GPIO_Init) for HAL_GPIO_Init
    py32f002xx_start_kit.o(i.BSP_LED_Init) refers to py32f0xx_hal_gpio.o(i.HAL_GPIO_WritePin) for HAL_GPIO_WritePin
    py32f002xx_start_kit.o(i.BSP_LED_Init) refers to py32f002xx_start_kit.o(.constdata) for .constdata
    py32f002xx_start_kit.o(i.BSP_LED_Init) refers to py32f002xx_start_kit.o(.data) for .data
    py32f002xx_start_kit.o(i.BSP_LED_Off) refers to py32f0xx_hal_gpio.o(i.HAL_GPIO_WritePin) for HAL_GPIO_WritePin
    py32f002xx_start_kit.o(i.BSP_LED_Off) refers to py32f002xx_start_kit.o(.constdata) for .constdata
    py32f002xx_start_kit.o(i.BSP_LED_Off) refers to py32f002xx_start_kit.o(.data) for .data
    py32f002xx_start_kit.o(i.BSP_LED_On) refers to py32f0xx_hal_gpio.o(i.HAL_GPIO_WritePin) for HAL_GPIO_WritePin
    py32f002xx_start_kit.o(i.BSP_LED_On) refers to py32f002xx_start_kit.o(.constdata) for .constdata
    py32f002xx_start_kit.o(i.BSP_LED_On) refers to py32f002xx_start_kit.o(.data) for .data
    py32f002xx_start_kit.o(i.BSP_LED_Toggle) refers to py32f0xx_hal_gpio.o(i.HAL_GPIO_TogglePin) for HAL_GPIO_TogglePin
    py32f002xx_start_kit.o(i.BSP_LED_Toggle) refers to py32f002xx_start_kit.o(.constdata) for .constdata
    py32f002xx_start_kit.o(i.BSP_LED_Toggle) refers to py32f002xx_start_kit.o(.data) for .data
    py32f002xx_start_kit.o(i.BSP_PB_DeInit) refers to py32f0xx_hal_cortex.o(i.HAL_NVIC_DisableIRQ) for HAL_NVIC_DisableIRQ
    py32f002xx_start_kit.o(i.BSP_PB_DeInit) refers to py32f0xx_hal_gpio.o(i.HAL_GPIO_DeInit) for HAL_GPIO_DeInit
    py32f002xx_start_kit.o(i.BSP_PB_DeInit) refers to py32f002xx_start_kit.o(.constdata) for .constdata
    py32f002xx_start_kit.o(i.BSP_PB_DeInit) refers to py32f002xx_start_kit.o(.data) for .data
    py32f002xx_start_kit.o(i.BSP_PB_GetState) refers to py32f0xx_hal_gpio.o(i.HAL_GPIO_ReadPin) for HAL_GPIO_ReadPin
    py32f002xx_start_kit.o(i.BSP_PB_GetState) refers to py32f002xx_start_kit.o(.constdata) for .constdata
    py32f002xx_start_kit.o(i.BSP_PB_GetState) refers to py32f002xx_start_kit.o(.data) for .data
    py32f002xx_start_kit.o(i.BSP_PB_Init) refers to py32f0xx_hal_gpio.o(i.HAL_GPIO_Init) for HAL_GPIO_Init
    py32f002xx_start_kit.o(i.BSP_PB_Init) refers to py32f0xx_hal_cortex.o(i.HAL_NVIC_SetPriority) for HAL_NVIC_SetPriority
    py32f002xx_start_kit.o(i.BSP_PB_Init) refers to py32f0xx_hal_cortex.o(i.HAL_NVIC_EnableIRQ) for HAL_NVIC_EnableIRQ
[...]
    sqrt.o(i.__softfp_sqrt) refers to dsqrt.o(.text) for _dsqrt
    sqrt.o(i.__softfp_sqrt) refers to errno.o(i.__set_errno) for __set_errno
    sqrt.o(i.sqrt) refers (Special) to iusefp.o(.text) for __I$use$fp
    sqrt.o(i.sqrt) refers to dsqrt.o(.text) for _dsqrt
    sqrt.o(i.sqrt) refers to errno.o(i.__set_errno) for __set_errno
    sqrt_x.o(i.____softfp_sqrt$lsc) refers (Special) to iusefp.o(.text) for __I$use$fp
    sqrt_x.o(i.____softfp_sqrt$lsc) refers to cdcmple.o(.text) for __aeabi_cdcmple
    sqrt_x.o(i.____softfp_sqrt$lsc) refers to errno.o(i.__set_errno) for __set_errno
    sqrt_x.o(i.____softfp_sqrt$lsc) refers to dsqrt.o(.text) for _dsqrt
    sqrt_x.o(i.__sqrt$lsc) refers (Special) to iusefp.o(.text) for __I$use$fp
    sqrt_x.o(i.__sqrt$lsc) refers to cdcmple.o(.text) for __aeabi_cdcmple
    sqrt_x.o(i.__sqrt$lsc) refers to errno.o(i.__set_errno) for __set_errno
    sqrt_x.o(i.__sqrt$lsc) refers to dsqrt.o(.text) for _dsqrt
    entry.o(.ARM.Collect$$$$00000000) refers (Special) to entry10a.o(.ARM.Collect$$$$0000000D) for __rt_final_cpp
    entry.o(.ARM.Collect$$$$00000000) refers (Special) to entry11a.o(.ARM.Collect$$$$0000000F) for __rt_final_exit
    entry.o(.ARM.Collect$$$$00000000) refers (Special) to entry7b.o(.ARM.Collect$$$$00000008) for _main_clock
    entry.o(.ARM.Collect$$$$00000000) refers (Special) to entry8b.o(.ARM.Collect$$$$0000000A) for _main_cpp_init
    entry.o(.ARM.Collect$$$$00000000) refers (Special) to entry9a.o(.ARM.Collect$$$$0000000B) for _main_init
    entry.o(.ARM.Collect$$$$00000000) refers (Special) to entry5.o(.ARM.Collect$$$$00000004) for _main_scatterload
    entry.o(.ARM.Collect$$$$00000000) refers (Special) to entry2.o(.ARM.Collect$$$$00000001) for _main_stk
    idiv.o(.text) refers to uidiv.o(.text) for __aeabi_uidivmod
    fmul.o(.text) refers (Special) to iusefp.o(.text) for __I$use$fp
    fdiv.o(.text) refers (Special) to iusefp.o(.text) for __I$use$fp
    fdiv.o(.text) refers to fepilogue.o(.text) for _float_round
    dadd.o(.text) refers (Special) to iusefp.o(.text) for __I$use$fp
    dadd.o(.text) refers to llshl.o(.text) for __aeabi_llsl
    dadd.o(.text) refers to llsshr.o(.text) for __aeabi_lasr
    dadd.o(.text) refers to depilogue.o(.text) for _double_epilogue
    dmul.o(.text) refers (Special) to iusefp.o(.text) for __I$use$fp
    dmul.o(.text) refers to depilogue.o(.text) for _double_epilogue
    ddiv.o(.text) refers (Special) to iusefp.o(.text) for __I$use$fp
    ddiv.o(.text) refers to depilogue.o(.text) for _double_round
    ffltui.o(.text) refers (Special) to iusefp.o(.text) for __I$use$fp
    ffltui.o(.text) refers to fepilogue.o(.text) for _float_epilogue
    dfltui.o(.text) refers (Special) to iusefp.o(.text) for __I$use$fp
    dfltui.o(.text) refers to depilogue.o(.text) for _double_epilogue
    ffixui.o(.text) refers (Special) to iusefp.o(.text) for __I$use$fp
    dfixui.o(.text) refers (Special) to iusefp.o(.text) for __I$use$fp
    dfixui.o(.text) refers to llushr.o(.text) for __aeabi_llsr
    f2d.o(.text) refers (Special) to iusefp.o(.text) for __I$use$fp
    d2f.o(.text) refers (Special) to iusefp.o(.text) for __I$use$fp
    d2f.o(.text) refers to fepilogue.o(.text) for _float_round
    dunder.o(i.__mathlib_dbl_divzero) refers to ddiv.o(.text) for __aeabi_ddiv
    dunder.o(i.__mathlib_dbl_infnan) refers to dscalb.o(.text) for __ARM_scalbn
    dunder.o(i.__mathlib_dbl_infnan2) refers to dadd.o(.text) for __aeabi_dadd
    dunder.o(i.__mathlib_dbl_invalid) refers to ddiv.o(.text) for __aeabi_ddiv
    dunder.o(i.__mathlib_dbl_overflow) refers to dscalb.o(.text) for __ARM_scalbn
    dunder.o(i.__mathlib_dbl_posinfnan) refers to dmul.o(.text) for __aeabi_dmul
    dunder.o(i.__mathlib_dbl_underflow) refers to dscalb.o(.text) for __ARM_scalbn
    fpclassify.o(i.__ARM_fpclassify) refers (Special) to iusefp.o(.text) for __I$use$fp
    poly.o(i.__kernel_poly) refers (Special) to iusefp.o(.text) for __I$use$fp
    poly.o(i.__kernel_poly) refers to dmul.o(.text) for __aeabi_dmul
    poly.o(i.__kernel_poly) refers to dadd.o(.text) for __aeabi_dadd
    qnan.o(.constdata) refers (Special) to iusefp.o(.text) for __I$use$fp
    entry2.o(.ARM.Collect$$$$00000001) refers to entry2.o(.ARM.Collect$$$$00002712) for __lit__00000000
    entry2.o(.ARM.Collect$$$$00002712) refers to startup_py32f002xx.o(STACK) for __initial_sp
    entry2.o(__vectab_stack_and_reset_area) refers to startup_py32f002xx.o(STACK) for __initial_sp
    entry2.o(__vectab_stack_and_reset_area) refers to entry.o(.ARM.Collect$$$$00000000) for __main
    entry5.o(.ARM.Collect$$$$00000004) refers to init.o(.text) for __scatterload
    entry9a.o(.ARM.Collect$$$$0000000B) refers to system_py32f0xx.o(i.$Sub$$main) for main
    entry9b.o(.ARM.Collect$$$$0000000C) refers to system_py32f0xx.o(i.$Sub$$main) for main
    errno.o(i.__aeabi_errno_addr) refers to errno.o(.data) for .data
    errno.o(i.__read_errno) refers to errno.o(.data) for .data
    errno.o(i.__set_errno) refers to errno.o(.data) for .data
    depilogue.o(.text) refers to depilogue.o(i.__ARM_clz) for __ARM_clz
    depilogue.o(.text) refers to llshl.o(.text) for __aeabi_llsl
    depilogue.o(.text) refers to llushr.o(.text) for __aeabi_llsr
    dsqrt.o(.text) refers to llushr.o(.text) for __aeabi_llsr
    dsqrt.o(.text) refers to depilogue.o(.text) for _double_round
    dflti.o(.text) refers to depilogue.o(.text) for _double_epilogue
    init.o(.text) refers to entry5.o(.ARM.Collect$$$$00000004) for __main_after_scatterload


==============================================================================

Removing Unused input sections from the image.

    Removing main.o(.rev16_text), (4 bytes).
    Removing main.o(.revsh_text), (4 bytes).
    Removing py32f0xx_hal_msp.o(.rev16_text), (4 bytes).
    Removing py32f0xx_hal_msp.o(.revsh_text), (4 bytes).
    Removing py32f002xx_start_kit.o(.rev16_text), (4 bytes).
    Removing py32f002xx_start_kit.o(.revsh_text), (4 bytes).
    Removing py32f002xx_start_kit.o(i.BSP_GetVersion), (6 bytes).
    Removing py32f002xx_start_kit.o(i.BSP_LED_DeInit), (40 bytes).
    Removing py32f002xx_start_kit.o(i.BSP_LED_Init), (76 bytes).
    Removing py32f002xx_start_kit.o(i.BSP_LED_Off), (32 bytes).
    Removing py32f002xx_start_kit.o(i.BSP_LED_On), (32 bytes).
    Removing py32f002xx_start_kit.o(i.BSP_LED_Toggle), (28 bytes).
    Removing py32f002xx_start_kit.o(i.BSP_PB_DeInit), (44 bytes).
    Removing py32f002xx_start_kit.o(i.BSP_PB_GetState), (28 bytes).
    Removing py32f002xx_start_kit.o(i.BSP_PB_Init), (120 bytes).
    Removing py32f002xx_start_kit.o(i.BSP_USART_Config), (160 bytes).
    Removing py32f002xx_start_kit.o(i.fgetc), (24 bytes).
    Removing py32f002xx_start_kit.o(i.fputc), (28 bytes).
    Removing py32f002xx_start_kit.o(.bss), (68 bytes).
    Removing py32f002xx_start_kit.o(.constdata), (6 bytes).
    Removing py32f002xx_start_kit.o(.data), (8 bytes).
    Removing py32f0xx_it.o(.rev16_text), (4 bytes).
    Removing py32f0xx_it.o(.revsh_text), (4 bytes).
    Removing system_py32f0xx.o(.rev16_text), (4 bytes).
    Removing system_py32f0xx.o(.revsh_text), (4 bytes).
    Removing system_py32f0xx.o(i.SystemCoreClockUpdate), (100 bytes).
    Removing system_py32f0xx.o(.constdata), (32 bytes).
    Removing adc.o(.rev16_text), (4 bytes).
    Removing adc.o(.revsh_text), (4 bytes).
    Removing adc.o(i.adc_vref), (176 bytes).
    Removing adc.o(.bss), (28 bytes).
    Removing relay.o(.rev16_text), (4 bytes).
    Removing relay.o(.revsh_text), (4 bytes).
    Removing aip1820.o(.rev16_text), (4 bytes).
    Removing aip1820.o(.revsh_text), (4 bytes).
    Removing startup_py32f002xx.o(HEAP), (0 bytes).
    Removing app.o(.rev16_text), (4 bytes).
    Removing app.o(.revsh_text), (4 bytes).
    Removing app.o(i.debouncefilter), (48 bytes).
    Removing app.o(i.debouncefilter2), (48 bytes).
    Removing py32f0xx_hal.o(.rev16_text), (4 bytes).
    Removing py32f0xx_hal.o(.revsh_text), (4 bytes).
    Removing py32f0xx_hal.o(i.HAL_DBGMCU_DisableDBGMCUStopMode), (16 bytes).
    Removing py32f0xx_hal.o(i.HAL_DBGMCU_EnableDBGMCUStopMode), (16 bytes).
    Removing py32f0xx_hal.o(i.HAL_DeInit), (40 bytes).
    Removing py32f0xx_hal.o(i.HAL_GetDEVID), (16 bytes).
    Removing py32f0xx_hal.o(i.HAL_GetHalVersion), (8 bytes).
    Removing py32f0xx_hal.o(i.HAL_GetREVID), (12 bytes).
    Removing py32f0xx_hal.o(i.HAL_GetTickFreq), (12 bytes).
    Removing py32f0xx_hal.o(i.HAL_GetTickPrio), (12 bytes).
    Removing py32f0xx_hal.o(i.HAL_GetUIDw0), (12 bytes).
    Removing py32f0xx_hal.o(i.HAL_GetUIDw1), (12 bytes).
    Removing py32f0xx_hal.o(i.HAL_GetUIDw2), (12 bytes).
    Removing py32f0xx_hal.o(i.HAL_MspDeInit), (2 bytes).
    Removing py32f0xx_hal.o(i.HAL_MspInit), (2 bytes).
    Removing py32f0xx_hal.o(i.HAL_ResumeTick), (16 bytes).
    Removing py32f0xx_hal.o(i.HAL_SetTickFreq), (32 bytes).
    Removing py32f0xx_hal.o(i.HAL_SuspendTick), (16 bytes).
    Removing py32f0xx_hal_adc.o(.rev16_text), (4 bytes).
    Removing py32f0xx_hal_adc.o(.revsh_text), (4 bytes).
    Removing py32f0xx_hal_adc.o(i.HAL_ADC_AnalogWDGConfig), (160 bytes).
    Removing py32f0xx_hal_adc.o(i.HAL_ADC_ConvCpltCallback), (2 bytes).
    Removing py32f0xx_hal_adc.o(i.HAL_ADC_ConvHalfCpltCallback), (2 bytes).
    Removing py32f0xx_hal_adc.o(i.HAL_ADC_DeInit), (184 bytes).
    Removing py32f0xx_hal_adc.o(i.HAL_ADC_ErrorCallback), (2 bytes).
    Removing py32f0xx_hal_adc.o(i.HAL_ADC_GetCalibStatus), (32 bytes).
    Removing py32f0xx_hal_adc.o(i.HAL_ADC_GetError), (4 bytes).
    Removing py32f0xx_hal_adc.o(i.HAL_ADC_GetState), (4 bytes).
    Removing py32f0xx_hal_adc.o(i.HAL_ADC_GetValue), (6 bytes).
    Removing py32f0xx_hal_adc.o(i.HAL_ADC_IRQHandler), (202 bytes).
    Removing py32f0xx_hal_adc.o(i.HAL_ADC_LevelOutOfWindowCallback), (2 bytes).
    Removing py32f0xx_hal_adc.o(i.HAL_ADC_MspDeInit), (2 bytes).
    Removing py32f0xx_hal_adc.o(i.HAL_ADC_MspInit), (2 bytes).
    Removing py32f0xx_hal_adc.o(i.HAL_ADC_PollForConversion), (170 bytes).
    Removing py32f0xx_hal_adc.o(i.HAL_ADC_PollForEvent), (128 bytes).
    Removing py32f0xx_hal_adc.o(i.HAL_ADC_SetCalibration), (76 bytes).
    Removing py32f0xx_hal_adc.o(i.HAL_ADC_Start), (92 bytes).
    Removing py32f0xx_hal_adc.o(i.HAL_ADC_Stop), (62 bytes).
    Removing py32f0xx_hal_adc_ex.o(.rev16_text), (4 bytes).
    Removing py32f0xx_hal_adc_ex.o(.revsh_text), (4 bytes).
    Removing py32f0xx_hal_exti.o(.rev16_text), (4 bytes).
    Removing py32f0xx_hal_exti.o(.revsh_text), (4 bytes).
    Removing py32f0xx_hal_exti.o(i.HAL_EXTI_ClearConfigLine), (100 bytes).
    Removing py32f0xx_hal_exti.o(i.HAL_EXTI_ClearPending), (20 bytes).
    Removing py32f0xx_hal_exti.o(i.HAL_EXTI_GenerateSWI), (20 bytes).
    Removing py32f0xx_hal_exti.o(i.HAL_EXTI_GetConfigLine), (148 bytes).
    Removing py32f0xx_hal_exti.o(i.HAL_EXTI_GetHandle), (14 bytes).
    Removing py32f0xx_hal_exti.o(i.HAL_EXTI_GetPending), (24 bytes).
    Removing py32f0xx_hal_exti.o(i.HAL_EXTI_IRQHandler), (36 bytes).
    Removing py32f0xx_hal_exti.o(i.HAL_EXTI_RegisterCallback), (16 bytes).
    Removing py32f0xx_hal_exti.o(i.HAL_EXTI_SetConfigLine), (152 bytes).
    Removing py32f0xx_hal_flash.o(.rev16_text), (4 bytes).
    Removing py32f0xx_hal_flash.o(.revsh_text), (4 bytes).
    Removing py32f0xx_hal_flash.o(i.HAL_FLASH_EndOfOperationCallback), (2 bytes).
    Removing py32f0xx_hal_flash.o(i.HAL_FLASH_Erase), (500 bytes).
    Removing py32f0xx_hal_flash.o(i.HAL_FLASH_Erase_IT), (340 bytes).
    Removing py32f0xx_hal_flash.o(i.HAL_FLASH_GetError), (12 bytes).
    Removing py32f0xx_hal_flash.o(i.HAL_FLASH_IRQHandler), (188 bytes).
    Removing py32f0xx_hal_flash.o(i.HAL_FLASH_OBGetConfig), (60 bytes).
    Removing py32f0xx_hal_flash.o(i.HAL_FLASH_OB_RDP_LevelConfig), (92 bytes).
    Removing py32f0xx_hal_flash.o(i.HAL_FLASH_OperationErrorCallback), (2 bytes).
    Removing py32f0xx_hal_flash.o(i.HAL_FLASH_PageProgram), (14 bytes).
    Removing py32f0xx_hal_flash.o(i.HAL_FLASH_PageProgram_IT), (14 bytes).
    Removing py32f0xx_hal_flash.o(i.HAL_FLASH_Program), (316 bytes).
    Removing py32f0xx_hal_flash.o(i.HAL_FLASH_Program_IT), (308 bytes).
    Removing py32f0xx_hal_gpio.o(.rev16_text), (4 bytes).
    Removing py32f0xx_hal_gpio.o(.revsh_text), (4 bytes).
    Removing py32f0xx_hal_gpio.o(i.HAL_GPIO_DeInit), (180 bytes).
    Removing py32f0xx_hal_gpio.o(i.HAL_GPIO_EXTI_Callback), (2 bytes).
    Removing py32f0xx_hal_gpio.o(i.HAL_GPIO_EXTI_IRQHandler), (24 bytes).
    Removing py32f0xx_hal_gpio.o(i.HAL_GPIO_LockPin), (42 bytes).
    Removing py32f0xx_hal_gpio.o(i.HAL_GPIO_TogglePin), (14 bytes).
    Removing py32f0xx_hal_rcc_ex.o(.rev16_text), (4 bytes).
    Removing py32f0xx_hal_rcc_ex.o(.revsh_text), (4 bytes).
    Removing py32f0xx_hal_rcc_ex.o(i.HAL_RCCEx_DisableLSCO), (92 bytes).
    Removing py32f0xx_hal_rcc_ex.o(i.HAL_RCCEx_EnableLSCO), (92 bytes).
    Removing py32f0xx_hal_rcc_ex.o(i.HAL_RCCEx_GetPeriphCLKConfig), (44 bytes).
    Removing py32f0xx_hal_rcc_ex.o(i.HAL_RCCEx_GetPeriphCLKFreq), (88 bytes).
    Removing py32f0xx_hal_rcc_ex.o(i.HAL_RCCEx_PeriphCLKConfig), (68 bytes).
    Removing py32f0xx_hal_tim.o(.rev16_text), (4 bytes).
    Removing py32f0xx_hal_tim.o(.revsh_text), (4 bytes).
    Removing py32f0xx_hal_tim.o(i.HAL_TIM_Base_DeInit), (52 bytes).
    Removing py32f0xx_hal_tim.o(i.HAL_TIM_Base_GetState), (4 bytes).
    Removing py32f0xx_hal_tim.o(i.HAL_TIM_Base_MspDeInit), (2 bytes).
    Removing py32f0xx_hal_tim.o(i.HAL_TIM_Base_Start_IT), (32 bytes).
    Removing py32f0xx_hal_tim.o(i.HAL_TIM_Base_Stop), (44 bytes).
    Removing py32f0xx_hal_tim.o(i.HAL_TIM_Base_Stop_IT), (44 bytes).
    Removing py32f0xx_hal_tim.o(i.HAL_TIM_ConfigClockSource), (360 bytes).
    Removing py32f0xx_hal_tim.o(i.HAL_TIM_ConfigOCrefClear), (228 bytes).
    Removing py32f0xx_hal_tim.o(i.HAL_TIM_ConfigTI1Input), (16 bytes).
    Removing py32f0xx_hal_tim.o(i.HAL_TIM_Encoder_DeInit), (52 bytes).
    Removing py32f0xx_hal_tim.o(i.HAL_TIM_Encoder_GetState), (4 bytes).
    Removing py32f0xx_hal_tim.o(i.HAL_TIM_Encoder_Init), (148 bytes).
    Removing py32f0xx_hal_tim.o(i.HAL_TIM_Encoder_MspDeInit), (2 bytes).
    Removing py32f0xx_hal_tim.o(i.HAL_TIM_Encoder_MspInit), (2 bytes).
    Removing py32f0xx_hal_tim.o(i.HAL_TIM_Encoder_Start), (62 bytes).
    Removing py32f0xx_hal_tim.o(i.HAL_TIM_Encoder_Start_IT), (100 bytes).
    Removing py32f0xx_hal_tim.o(i.HAL_TIM_Encoder_Stop), (84 bytes).
    Removing py32f0xx_hal_tim.o(i.HAL_TIM_Encoder_Stop_IT), (124 bytes).
    Removing py32f0xx_hal_tim.o(i.HAL_TIM_ErrorCallback), (2 bytes).
    Removing py32f0xx_hal_tim.o(i.HAL_TIM_GenerateEvent), (30 bytes).
    Removing py32f0xx_hal_tim.o(i.HAL_TIM_IC_CaptureCallback), (2 bytes).
    Removing py32f0xx_hal_tim.o(i.HAL_TIM_IC_CaptureHalfCpltCallback), (2 bytes).
    Removing py32f0xx_hal_tim.o(i.HAL_TIM_IC_ConfigChannel), (328 bytes).
    Removing py32f0xx_hal_tim.o(i.HAL_TIM_IC_DeInit), (52 bytes).
    Removing py32f0xx_hal_tim.o(i.HAL_TIM_IC_GetState), (4 bytes).
    Removing py32f0xx_hal_tim.o(i.HAL_TIM_IC_Init), (46 bytes).
    Removing py32f0xx_hal_tim.o(i.HAL_TIM_IC_MspDeInit), (2 bytes).
    Removing py32f0xx_hal_tim.o(i.HAL_TIM_IC_MspInit), (2 bytes).
    Removing py32f0xx_hal_tim.o(i.HAL_TIM_IC_Start), (36 bytes).
    Removing py32f0xx_hal_tim.o(i.HAL_TIM_IC_Start_IT), (94 bytes).
    Removing py32f0xx_hal_tim.o(i.HAL_TIM_IC_Stop), (48 bytes).
    Removing py32f0xx_hal_tim.o(i.HAL_TIM_IC_Stop_IT), (104 bytes).
    Removing py32f0xx_hal_tim.o(i.HAL_TIM_IRQHandler), (354 bytes).
    Removing py32f0xx_hal_tim.o(i.HAL_TIM_OC_ConfigChannel), (156 bytes).
    Removing py32f0xx_hal_tim.o(i.HAL_TIM_OC_DeInit), (52 bytes).
    Removing py32f0xx_hal_tim.o(i.HAL_TIM_OC_DelayElapsedCallback), (2 bytes).
    Removing py32f0xx_hal_tim.o(i.HAL_TIM_OC_GetState), (4 bytes).
    Removing py32f0xx_hal_tim.o(i.HAL_TIM_OC_Init), (46 bytes).
    Removing py32f0xx_hal_tim.o(i.HAL_TIM_OC_MspDeInit), (2 bytes).
    Removing py32f0xx_hal_tim.o(i.HAL_TIM_OC_MspInit), (2 bytes).
    Removing py32f0xx_hal_tim.o(i.HAL_TIM_OC_Start), (68 bytes).
    Removing py32f0xx_hal_tim.o(i.HAL_TIM_OC_Start_IT), (128 bytes).
    Removing py32f0xx_hal_tim.o(i.HAL_TIM_OC_Stop), (92 bytes).
    Removing py32f0xx_hal_tim.o(i.HAL_TIM_OC_Stop_IT), (148 bytes).
    Removing py32f0xx_hal_tim.o(i.HAL_TIM_OnePulse_ConfigChannel), (288 bytes).
    Removing py32f0xx_hal_tim.o(i.HAL_TIM_OnePulse_DeInit), (52 bytes).
    Removing py32f0xx_hal_tim.o(i.HAL_TIM_OnePulse_GetState), (4 bytes).
    Removing py32f0xx_hal_tim.o(i.HAL_TIM_OnePulse_Init), (66 bytes).
    Removing py32f0xx_hal_tim.o(i.HAL_TIM_OnePulse_MspDeInit), (2 bytes).
    Removing py32f0xx_hal_tim.o(i.HAL_TIM_OnePulse_MspInit), (2 bytes).
    Removing py32f0xx_hal_tim.o(i.HAL_TIM_OnePulse_Start), (60 bytes).
    Removing py32f0xx_hal_tim.o(i.HAL_TIM_OnePulse_Start_IT), (80 bytes).
    Removing py32f0xx_hal_tim.o(i.HAL_TIM_OnePulse_Stop), (104 bytes).
    Removing py32f0xx_hal_tim.o(i.HAL_TIM_OnePulse_Stop_IT), (124 bytes).
    Removing py32f0xx_hal_tim.o(i.HAL_TIM_PWM_ConfigChannel), (288 bytes).
    Removing py32f0xx_hal_tim.o(i.HAL_TIM_PWM_DeInit), (52 bytes).
    Removing py32f0xx_hal_tim.o(i.HAL_TIM_PWM_GetState), (4 bytes).
    Removing py32f0xx_hal_tim.o(i.HAL_TIM_PWM_Init), (46 bytes).
    Removing py32f0xx_hal_tim.o(i.HAL_TIM_PWM_MspDeInit), (2 bytes).
    Removing py32f0xx_hal_tim.o(i.HAL_TIM_PWM_MspInit), (2 bytes).
    Removing py32f0xx_hal_tim.o(i.HAL_TIM_PWM_PulseFinishedCallback), (2 bytes).
    Removing py32f0xx_hal_tim.o(i.HAL_TIM_PWM_PulseFinishedHalfCpltCallback), (2 bytes).
    Removing py32f0xx_hal_tim.o(i.HAL_TIM_PWM_Start), (68 bytes).
    Removing py32f0xx_hal_tim.o(i.HAL_TIM_PWM_Start_IT), (128 bytes).
    Removing py32f0xx_hal_tim.o(i.HAL_TIM_PWM_Stop), (96 bytes).
    Removing py32f0xx_hal_tim.o(i.HAL_TIM_PWM_Stop_IT), (148 bytes).
    Removing py32f0xx_hal_tim.o(i.HAL_TIM_PeriodElapsedCallback), (2 bytes).
    Removing py32f0xx_hal_tim.o(i.HAL_TIM_PeriodElapsedHalfCpltCallback), (2 bytes).
    Removing py32f0xx_hal_tim.o(i.HAL_TIM_ReadCapturedValue), (44 bytes).
    Removing py32f0xx_hal_tim.o(i.HAL_TIM_SlaveConfigSynchro), (60 bytes).
    Removing py32f0xx_hal_tim.o(i.HAL_TIM_SlaveConfigSynchro_IT), (60 bytes).
    Removing py32f0xx_hal_tim.o(i.HAL_TIM_TriggerCallback), (2 bytes).
    Removing py32f0xx_hal_tim.o(i.HAL_TIM_TriggerHalfCpltCallback), (2 bytes).
    Removing py32f0xx_hal_tim.o(i.TIM_CCxChannelCmd), (28 bytes).
    Removing py32f0xx_hal_tim.o(i.TIM_ETR_SetConfig), (24 bytes).
    Removing py32f0xx_hal_tim.o(i.TIM_OC1_SetConfig), (108 bytes).
    Removing py32f0xx_hal_tim.o(i.TIM_OC2_SetConfig), (112 bytes).
    Removing py32f0xx_hal_tim.o(i.TIM_OC3_SetConfig), (116 bytes).
    Removing py32f0xx_hal_tim.o(i.TIM_SlaveTimer_SetConfig), (212 bytes).
    Removing py32f0xx_hal_tim.o(i.TIM_TI1_SetConfig), (60 bytes).
    Removing py32f0xx_hal_tim_ex.o(.rev16_text), (4 bytes).
    Removing py32f0xx_hal_tim_ex.o(.revsh_text), (4 bytes).
    Removing py32f0xx_hal_tim_ex.o(i.HAL_TIMEx_BreakCallback), (2 bytes).
    Removing py32f0xx_hal_tim_ex.o(i.HAL_TIMEx_CommutCallback), (2 bytes).
    Removing py32f0xx_hal_tim_ex.o(i.HAL_TIMEx_CommutHalfCpltCallback), (2 bytes).
    Removing py32f0xx_hal_tim_ex.o(i.HAL_TIMEx_ConfigBreakDeadTime), (92 bytes).
    Removing py32f0xx_hal_tim_ex.o(i.HAL_TIMEx_ConfigCommutEvent), (96 bytes).
    Removing py32f0xx_hal_tim_ex.o(i.HAL_TIMEx_ConfigCommutEvent_IT), (96 bytes).
    Removing py32f0xx_hal_tim_ex.o(i.HAL_TIMEx_HallSensor_DeInit), (52 bytes).
    Removing py32f0xx_hal_tim_ex.o(i.HAL_TIMEx_HallSensor_GetState), (4 bytes).
    Removing py32f0xx_hal_tim_ex.o(i.HAL_TIMEx_HallSensor_Init), (178 bytes).
    Removing py32f0xx_hal_tim_ex.o(i.HAL_TIMEx_HallSensor_MspDeInit), (2 bytes).
    Removing py32f0xx_hal_tim_ex.o(i.HAL_TIMEx_HallSensor_MspInit), (2 bytes).
    Removing py32f0xx_hal_tim_ex.o(i.HAL_TIMEx_HallSensor_Start), (38 bytes).
    Removing py32f0xx_hal_tim_ex.o(i.HAL_TIMEx_HallSensor_Start_IT), (48 bytes).
    Removing py32f0xx_hal_tim_ex.o(i.HAL_TIMEx_HallSensor_Stop), (48 bytes).
    Removing py32f0xx_hal_tim_ex.o(i.HAL_TIMEx_HallSensor_Stop_IT), (60 bytes).
    Removing py32f0xx_hal_tim_ex.o(i.HAL_TIMEx_OCN_Start), (48 bytes).
    Removing py32f0xx_hal_tim_ex.o(i.HAL_TIMEx_OCN_Start_IT), (102 bytes).
    Removing py32f0xx_hal_tim_ex.o(i.HAL_TIMEx_OCN_Stop), (76 bytes).
    Removing py32f0xx_hal_tim_ex.o(i.HAL_TIMEx_OCN_Stop_IT), (136 bytes).
    Removing py32f0xx_hal_tim_ex.o(i.HAL_TIMEx_OnePulseN_Start), (28 bytes).
    Removing py32f0xx_hal_tim_ex.o(i.HAL_TIMEx_OnePulseN_Start_IT), (48 bytes).
    Removing py32f0xx_hal_tim_ex.o(i.HAL_TIMEx_OnePulseN_Stop), (76 bytes).
    Removing py32f0xx_hal_tim_ex.o(i.HAL_TIMEx_OnePulseN_Stop_IT), (96 bytes).
    Removing py32f0xx_hal_tim_ex.o(i.HAL_TIMEx_PWMN_Start), (48 bytes).
    Removing py32f0xx_hal_tim_ex.o(i.HAL_TIMEx_PWMN_Start_IT), (102 bytes).
    Removing py32f0xx_hal_tim_ex.o(i.HAL_TIMEx_PWMN_Stop), (76 bytes).
    Removing py32f0xx_hal_tim_ex.o(i.HAL_TIMEx_PWMN_Stop_IT), (136 bytes).
    Removing py32f0xx_hal_tim_ex.o(i.TIM_CCxNChannelCmd), (28 bytes).
    Removing py32f0xx_hal_uart.o(.rev16_text), (4 bytes).
    Removing py32f0xx_hal_uart.o(.revsh_text), (4 bytes).
    Removing py32f0xx_hal_uart.o(i.HAL_HalfDuplex_EnableReceiver), (46 bytes).
    Removing py32f0xx_hal_uart.o(i.HAL_HalfDuplex_EnableTransmitter), (46 bytes).
    Removing py32f0xx_hal_uart.o(i.HAL_HalfDuplex_Init), (94 bytes).
    Removing py32f0xx_hal_uart.o(i.HAL_MultiProcessor_EnterMuteMode), (42 bytes).
    Removing py32f0xx_hal_uart.o(i.HAL_MultiProcessor_ExitMuteMode), (42 bytes).
    Removing py32f0xx_hal_uart.o(i.HAL_MultiProcessor_Init), (134 bytes).
    Removing py32f0xx_hal_uart.o(i.HAL_UART_Abort), (42 bytes).
    Removing py32f0xx_hal_uart.o(i.HAL_UART_AbortCpltCallback), (2 bytes).
    Removing py32f0xx_hal_uart.o(i.HAL_UART_AbortReceive), (36 bytes).
    Removing py32f0xx_hal_uart.o(i.HAL_UART_AbortReceiveCpltCallback), (2 bytes).
    Removing py32f0xx_hal_uart.o(i.HAL_UART_AbortReceive_IT), (42 bytes).
    Removing py32f0xx_hal_uart.o(i.HAL_UART_AbortTransmit), (24 bytes).
    Removing py32f0xx_hal_uart.o(i.HAL_UART_AbortTransmitCpltCallback), (2 bytes).
    Removing py32f0xx_hal_uart.o(i.HAL_UART_AbortTransmit_IT), (30 bytes).
    Removing py32f0xx_hal_uart.o(i.HAL_UART_Abort_IT), (48 bytes).
    Removing py32f0xx_hal_uart.o(i.HAL_UART_DeInit), (50 bytes).
    Removing py32f0xx_hal_uart.o(i.HAL_UART_ErrorCallback), (2 bytes).
    Removing py32f0xx_hal_uart.o(i.HAL_UART_GetError), (4 bytes).
    Removing py32f0xx_hal_uart.o(i.HAL_UART_GetState), (12 bytes).
    Removing py32f0xx_hal_uart.o(i.HAL_UART_IRQHandler), (308 bytes).
    Removing py32f0xx_hal_uart.o(i.HAL_UART_Init), (142 bytes).
    Removing py32f0xx_hal_uart.o(i.HAL_UART_MspDeInit), (2 bytes).
    Removing py32f0xx_hal_uart.o(i.HAL_UART_MspInit), (2 bytes).
    Removing py32f0xx_hal_uart.o(i.HAL_UART_Receive), (290 bytes).
    Removing py32f0xx_hal_uart.o(i.HAL_UART_Receive_IT), (90 bytes).
    Removing py32f0xx_hal_uart.o(i.HAL_UART_RxCpltCallback), (2 bytes).
    Removing py32f0xx_hal_uart.o(i.HAL_UART_RxHalfCpltCallback), (2 bytes).
    Removing py32f0xx_hal_uart.o(i.HAL_UART_SendBreak), (40 bytes).
    Removing py32f0xx_hal_uart.o(i.HAL_UART_Transmit), (322 bytes).
    Removing py32f0xx_hal_uart.o(i.HAL_UART_Transmit_IT), (70 bytes).
    Removing py32f0xx_hal_uart.o(i.HAL_UART_TxCpltCallback), (2 bytes).
    Removing py32f0xx_hal_uart.o(i.HAL_UART_TxHalfCpltCallback), (2 bytes).
    Removing py32f0xx_hal_uart.o(i.UART_Receive_IT), (122 bytes).
    Removing py32f0xx_hal_uart.o(i.UART_SetConfig), (212 bytes).
    Removing py32f0xx_hal_uart.o(i.UART_WaitOnFlagUntilTimeout), (118 bytes).
    Removing py32f0xx_hal_usart.o(.rev16_text), (4 bytes).
    Removing py32f0xx_hal_usart.o(.revsh_text), (4 bytes).
    Removing py32f0xx_hal_rcc.o(.rev16_text), (4 bytes).
    Removing py32f0xx_hal_rcc.o(.revsh_text), (4 bytes).
    Removing py32f0xx_hal_rcc.o(i.HAL_RCC_CSSCallback), (2 bytes).
    Removing py32f0xx_hal_rcc.o(i.HAL_RCC_DeInit), (144 bytes).
    Removing py32f0xx_hal_rcc.o(i.HAL_RCC_EnableCSS), (20 bytes).
    Removing py32f0xx_hal_rcc.o(i.HAL_RCC_GetClockConfig), (60 bytes).
    Removing py32f0xx_hal_rcc.o(i.HAL_RCC_GetHCLKFreq), (12 bytes).
    Removing py32f0xx_hal_rcc.o(i.HAL_RCC_GetOscConfig), (112 bytes).
    Removing py32f0xx_hal_rcc.o(i.HAL_RCC_GetPCLK1Freq), (40 bytes).
    Removing py32f0xx_hal_rcc.o(i.HAL_RCC_MCOConfig), (300 bytes).
    Removing py32f0xx_hal_rcc.o(i.HAL_RCC_NMI_IRQHandler), (28 bytes).
    Removing py32f0xx_hal_cortex.o(.rev16_text), (4 bytes).
    Removing py32f0xx_hal_cortex.o(.revsh_text), (4 bytes).
    Removing py32f0xx_hal_cortex.o(i.HAL_NVIC_ClearPendingIRQ), (20 bytes).
    Removing py32f0xx_hal_cortex.o(i.HAL_NVIC_DisableIRQ), (20 bytes).
    Removing py32f0xx_hal_cortex.o(i.HAL_NVIC_GetPendingIRQ), (28 bytes).
    Removing py32f0xx_hal_cortex.o(i.HAL_NVIC_GetPriority), (60 bytes).
    Removing py32f0xx_hal_cortex.o(i.HAL_NVIC_SetPendingIRQ), (20 bytes).
    Removing py32f0xx_hal_cortex.o(i.HAL_NVIC_SystemReset), (28 bytes).
    Removing py32f0xx_hal_cortex.o(i.HAL_SYSTICK_CLKSourceConfig), (24 bytes).
    Removing py32f0xx_hal_cortex.o(i.HAL_SYSTICK_Callback), (2 bytes).
    Removing py32f0xx_hal_cortex.o(i.HAL_SYSTICK_IRQHandler), (8 bytes).
    Removing py32f0xx_hal_pwr.o(.rev16_text), (4 bytes).
    Removing py32f0xx_hal_pwr.o(.revsh_text), (4 bytes).
    Removing py32f0xx_hal_pwr.o(i.HAL_PWR_ConfigBIAS), (44 bytes).
    Removing py32f0xx_hal_pwr.o(i.HAL_PWR_ConfigStopMode), (40 bytes).
    Removing py32f0xx_hal_pwr.o(i.HAL_PWR_DeInit), (24 bytes).
    Removing py32f0xx_hal_pwr.o(i.HAL_PWR_DisableBkUpAccess), (16 bytes).
    Removing py32f0xx_hal_pwr.o(i.HAL_PWR_DisableSEVOnPend), (16 bytes).
    Removing py32f0xx_hal_pwr.o(i.HAL_PWR_DisableSleepOnExit), (16 bytes).
    Removing py32f0xx_hal_pwr.o(i.HAL_PWR_EnableBkUpAccess), (16 bytes).
    Removing py32f0xx_hal_pwr.o(i.HAL_PWR_EnableSEVOnPend), (16 bytes).
    Removing py32f0xx_hal_pwr.o(i.HAL_PWR_EnableSleepOnExit), (16 bytes).
    Removing py32f0xx_hal_pwr.o(i.HAL_PWR_EnterSLEEPMode), (32 bytes).
    Removing py32f0xx_hal_pwr.o(i.HAL_PWR_EnterSTOPMode), (60 bytes).
    Removing cdcmple.o(.text), (40 bytes).

306 unused section(s) (total 16738 bytes) removed from the image.

==============================================================================

Image Symbol Table

    Local Symbols

    Symbol Name                              Value     Ov Type        Size  Object(Section)

    ../clib/../cmprslib/zerorunl2.c          0x00000000   Number         0  __dczerorl2.o ABSOLUTE
    ../clib/microlib/division.c              0x00000000   Number         0  idiv.o ABSOLUTE
    ../clib/microlib/division.c              0x00000000   Number         0  uidiv.o ABSOLUTE
    ../clib/microlib/errno.c                 0x00000000   Number         0  errno.o ABSOLUTE
    ../clib/microlib/init/entry.s            0x00000000   Number         0  entry8a.o ABSOLUTE
    ../clib/microlib/init/entry.s            0x00000000   Number         0  entry10a.o ABSOLUTE
    ../clib/microlib/init/entry.s            0x00000000   Number         0  entry11b.o ABSOLUTE
    ../clib/microlib/init/entry.s            0x00000000   Number         0  entry8b.o ABSOLUTE
    ../clib/microlib/init/entry.s            0x00000000   Number         0  entry.o ABSOLUTE
    ../clib/microlib/init/entry.s            0x00000000   Number         0  entry9a.o ABSOLUTE
    ../clib/microlib/init/entry.s            0x00000000   Number         0  entry11a.o ABSOLUTE
    ../clib/microlib/init/entry.s            0x00000000   Number         0  entry10b.o ABSOLUTE
    ../clib/microlib/init/entry.s            0x00000000   Number         0  entry9b.o ABSOLUTE
    ../clib/microlib/init/entry.s            0x00000000   Number         0  entry2.o ABSOLUTE
    ../clib/microlib/init/entry.s            0x00000000   Number         0  entry5.o ABSOLUTE
    ../clib/microlib/init/entry.s            0x00000000   Number         0  entry7a.o ABSOLUTE
    ../clib/microlib/init/entry.s            0x00000000   Number         0  entry7b.o ABSOLUTE
    ../clib/microlib/longlong.c              0x00000000   Number         0  llsshr.o ABSOLUTE
    ../clib/microlib/longlong.c              0x00000000   Number         0  llushr.o ABSOLUTE
    ../clib/microlib/longlong.c              0x00000000   Number         0  llshl.o ABSOLUTE
    ../clib/microlib/string/memset.c         0x00000000   Number         0  memseta.o ABSOLUTE
    ../clib/microlib/stubs.s                 0x00000000   Number         0  iusefp.o ABSOLUTE
    ../fplib/microlib/d2f.c                  0x00000000   Number         0  d2f.o ABSOLUTE
    ../fplib/microlib/f2d.c                  0x00000000   Number         0  f2d.o ABSOLUTE
    ../fplib/microlib/fpadd.c                0x00000000   Number         0  dadd.o ABSOLUTE
    ../fplib/microlib/fpdiv.c                0x00000000   Number         0  ddiv.o ABSOLUTE
    ../fplib/microlib/fpdiv.c                0x00000000   Number         0  fdiv.o ABSOLUTE
    ../fplib/microlib/fpepilogue.c           0x00000000   Number         0  depilogue.o ABSOLUTE
    ../fplib/microlib/fpepilogue.c           0x00000000   Number         0  fepilogue.o ABSOLUTE
    ../fplib/microlib/fpfix.c                0x00000000   Number         0  ffixui.o ABSOLUTE
    ../fplib/microlib/fpfix.c                0x00000000   Number         0  dfixui.o ABSOLUTE
    ../fplib/microlib/fpflt.c                0x00000000   Number         0  dflti.o ABSOLUTE
    ../fplib/microlib/fpflt.c                0x00000000   Number         0  ffltui.o ABSOLUTE
    ../fplib/microlib/fpflt.c                0x00000000   Number         0  dfltui.o ABSOLUTE
    ../fplib/microlib/fpmul.c                0x00000000   Number         0  dmul.o ABSOLUTE
    ../fplib/microlib/fpmul.c                0x00000000   Number         0  fmul.o ABSOLUTE
    ../fplib/microlib/fpscalb.c              0x00000000   Number         0  dscalb.o ABSOLUTE
    ../fplib/microlib/fpsqrt.c               0x00000000   Number         0  dsqrt.o ABSOLUTE
    ../mathlib/dunder.c                      0x00000000   Number         0  dunder.o ABSOLUTE
    ../mathlib/fpclassify.c                  0x00000000   Number         0  fpclassify.o ABSOLUTE
    ../mathlib/poly.c                        0x00000000   Number         0  poly.o ABSOLUTE
    ../mathlib/pow.c                         0x00000000   Number         0  pow_x.o ABSOLUTE
    ../mathlib/pow.c                         0x00000000   Number         0  pow.o ABSOLUTE
    ../mathlib/qnan.c                        0x00000000   Number         0  qnan.o ABSOLUTE
    ../mathlib/sqrt.c                        0x00000000   Number         0  sqrt_x.o ABSOLUTE
    ../mathlib/sqrt.c                        0x00000000   Number         0  sqrt.o ABSOLUTE
    ..\App\app.c                             0x00000000   Number         0  app.o ABSOLUTE
    ..\Firmware\PY32F0xx_HAL_Driver\Src\py32f0xx_hal.c 0x00000000   Number         0  py32f0xx_hal.o ABSOLUTE
    ..\Firmware\PY32F0xx_HAL_Driver\Src\py32f0xx_hal_adc.c 0x00000000   Number         0  py32f0xx_hal_adc.o ABSOLUTE
    ..\Firmware\PY32F0xx_HAL_Driver\Src\py32f0xx_hal_adc_ex.c 0x00000000   Number         0  py32f0xx_hal_adc_ex.o ABSOLUTE
    ..\Firmware\PY32F0xx_HAL_Driver\Src\py32f0xx_hal_cortex.c 0x00000000   Number         0  py32f0xx_hal_cortex.o ABSOLUTE
    ..\Firmware\PY32F0xx_HAL_Driver\Src\py32f0xx_hal_exti.c 0x00000000   Number         0  py32f0xx_hal_exti.o ABSOLUTE
    ..\Firmware\PY32F0xx_HAL_Driver\Src\py32f0xx_hal_flash.c 0x00000000   Number         0  py32f0xx_hal_flash.o ABSOLUTE
    ..\Firmware\PY32F0xx_HAL_Driver\Src\py32f0xx_hal_gpio.c 0x00000000   Number         0  py32f0xx_hal_gpio.o ABSOLUTE
    ..\Firmware\PY32F0xx_HAL_Driver\Src\py32f0xx_hal_pwr.c 0x00000000   Number         0  py32f0xx_hal_pwr.o ABSOLUTE
    ..\Firmware\PY32F0xx_HAL_Driver\Src\py32f0xx_hal_rcc.c 0x00000000   Number         0  py32f0xx_hal_rcc.o ABSOLUTE
    ..\Firmware\PY32F0xx_HAL_Driver\Src\py32f0xx_hal_rcc_ex.c 0x00000000   Number         0  py32f0xx_hal_rcc_ex.o ABSOLUTE
    ..\Firmware\PY32F0xx_HAL_Driver\Src\py32f0xx_hal_tim.c 0x00000000   Number         0  py32f0xx_hal_tim.o ABSOLUTE
    ..\Firmware\PY32F0xx_HAL_Driver\Src\py32f0xx_hal_tim_ex.c 0x00000000   Number         0  py32f0xx_hal_tim_ex.o ABSOLUTE
    ..\Firmware\PY32F0xx_HAL_Driver\Src\py32f0xx_hal_uart.c 0x00000000   Number         0  py32f0xx_hal_uart.o ABSOLUTE
    ..\Firmware\PY32F0xx_HAL_Driver\Src\py32f0xx_hal_usart.c 0x00000000   Number         0  py32f0xx_hal_usart.o ABSOLUTE
    ..\Hardware\Src\adc.c                    0x00000000   Number         0  adc.o ABSOLUTE
    ..\Hardware\Src\aip1820.c                0x00000000   Number         0  aip1820.o ABSOLUTE
    ..\Hardware\Src\relay.c                  0x00000000   Number         0  relay.o ABSOLUTE
    ..\User\main.c                           0x00000000   Number         0  main.o ABSOLUTE
    ..\User\py32f002xx_Start_Kit.c           0x00000000   Number         0  py32f002xx_start_kit.o ABSOLUTE
    ..\User\py32f0xx_hal_msp.c               0x00000000   Number         0  py32f0xx_hal_msp.o ABSOLUTE
    ..\User\py32f0xx_it.c                    0x00000000   Number         0  py32f0xx_it.o ABSOLUTE
    ..\User\system_py32f0xx.c                0x00000000   Number         0  system_py32f0xx.o ABSOLUTE
    ..\\App\\app.c                           0x00000000   Number         0  app.o ABSOLUTE
    ..\\Firmware\\PY32F0xx_HAL_Driver\\Src\\py32f0xx_hal.c 0x00000000   Number         0  py32f0xx_hal.o ABSOLUTE
    ..\\Firmware\\PY32F0xx_HAL_Driver\\Src\\py32f0xx_hal_adc.c 0x00000000   Number         0  py32f0xx_hal_adc.o ABSOLUTE
    ..\\Firmware\\PY32F0xx_HAL_Driver\\Src\\py32f0xx_hal_adc_ex.c 0x00000000   Number         0  py32f0xx_hal_adc_ex.o ABSOLUTE
    ..\\Firmware\\PY32F0xx_HAL_Driver\\Src\\py32f0xx_hal_cortex.c 0x00000000   Number         0  py32f0xx_hal_cortex.o ABSOLUTE
    ..\\Firmware\\PY32F0xx_HAL_Driver\\Src\\py32f0xx_hal_exti.c 0x00000000   Number         0  py32f0xx_hal_exti.o ABSOLUTE
    ..\\Firmware\\PY32F0xx_HAL_Driver\\Src\\py32f0xx_hal_flash.c 0x00000000   Number         0  py32f0xx_hal_flash.o ABSOLUTE
    ..\\Firmware\\PY32F0xx_HAL_Driver\\Src\\py32f0xx_hal_gpio.c 0x00000000   Number         0  py32f0xx_hal_gpio.o ABSOLUTE
    ..\\Firmware\\PY32F0xx_HAL_Driver\\Src\\py32f0xx_hal_pwr.c 0x00000000   Number         0  py32f0xx_hal_pwr.o ABSOLUTE
    ..\\Firmware\\PY32F0xx_HAL_Driver\\Src\\py32f0xx_hal_rcc.c 0x00000000   Number         0  py32f0xx_hal_rcc.o ABSOLUTE
    ..\\Firmware\\PY32F0xx_HAL_Driver\\Src\\py32f0xx_hal_rcc_ex.c 0x00000000   Number         0  py32f0xx_hal_rcc_ex.o ABSOLUTE
    ..\\Firmware\\PY32F0xx_HAL_Driver\\Src\\py32f0xx_hal_tim.c 0x00000000   Number         0  py32f0xx_hal_tim.o ABSOLUTE
    ..\\Firmware\\PY32F0xx_HAL_Driver\\Src\\py32f0xx_hal_tim_ex.c 0x00000000   Number         0  py32f0xx_hal_tim_ex.o ABSOLUTE
    ..\\Firmware\\PY32F0xx_HAL_Driver\\Src\\py32f0xx_hal_uart.c 0x00000000   Number         0  py32f0xx_hal_uart.o ABSOLUTE
    ..\\Firmware\\PY32F0xx_HAL_Driver\\Src\\py32f0xx_hal_usart.c 0x00000000   Number         0  py32f0xx_hal_usart.o ABSOLUTE
    ..\\Hardware\\Src\\adc.c                 0x00000000   Number         0  adc.o ABSOLUTE
    ..\\Hardware\\Src\\aip1820.c             0x00000000   Number         0  aip1820.o ABSOLUTE
    ..\\Hardware\\Src\\relay.c               0x00000000   Number         0  relay.o ABSOLUTE
    ..\\User\\main.c                         0x00000000   Number         0  main.o ABSOLUTE
    ..\\User\\py32f002xx_Start_Kit.c         0x00000000   Number         0  py32f002xx_start_kit.o ABSOLUTE
    ..\\User\\py32f0xx_hal_msp.c             0x00000000   Number         0  py32f0xx_hal_msp.o ABSOLUTE
    ..\\User\\py32f0xx_it.c                  0x00000000   Number         0  py32f0xx_it.o ABSOLUTE
    ..\\User\\system_py32f0xx.c              0x00000000   Number         0  system_py32f0xx.o ABSOLUTE
    cdcmple.s                                0x00000000   Number         0  cdcmple.o ABSOLUTE
    cdrcmple.s                               0x00000000   Number         0  cdrcmple.o ABSOLUTE
    dc.s                                     0x00000000   Number         0  dc.o ABSOLUTE
    handlers.s                               0x00000000   Number         0  handlers.o ABSOLUTE
    init.s                                   0x00000000   Number         0  init.o ABSOLUTE
    startup_py32f002xx.s                     0x00000000   Number         0  startup_py32f002xx.o ABSOLUTE
    RESET                                    0x08000000   Section      192  startup_py32f002xx.o(RESET)
    .ARM.Collect$$$$00000000                 0x080000c0   Section        0  entry.o(.ARM.Collect$$$$00000000)
    .ARM.Collect$$$$00000001                 0x080000c0   Section        4  entry2.o(.ARM.Collect$$$$00000001)
    .ARM.Collect$$$$00000004                 0x080000c4   Section        4  entry5.o(.ARM.Collect$$$$00000004)
    .ARM.Collect$$$$00000008                 0x080000c8   Section        0  entry7b.o(.ARM.Collect$$$$00000008)
    .ARM.Collect$$$$0000000A                 0x080000c8   Section        0  entry8b.o(.ARM.Collect$$$$0000000A)
    .ARM.Collect$$$$0000000B                 0x080000c8   Section        8  entry9a.o(.ARM.Collect$$$$0000000B)
    .ARM.Collect$$$$0000000D                 0x080000d0   Section        0  entry10a.o(.ARM.Collect$$$$0000000D)
    .ARM.Collect$$$$0000000F                 0x080000d0   Section        0  entry11a.o(.ARM.Collect$$$$0000000F)
    .ARM.Collect$$$$00002712                 0x080000d0   Section        4  entry2.o(.ARM.Collect$$$$00002712)
    __lit__00000000                          0x080000d0   Data           4  entry2.o(.ARM.Collect$$$$00002712)
    .text                                    0x080000d4   Section       28  startup_py32f002xx.o(.text)
    .text                                    0x080000f0   Section        0  uidiv.o(.text)
    .text                                    0x0800011c   Section        0  idiv.o(.text)
    .text                                    0x08000144   Section        0  fmul.o(.text)
    .text                                    0x080001be   Section        0  fdiv.o(.text)
    .text                                    0x0800023c   Section        0  dadd.o(.text)
    .text                                    0x080003a0   Section        0  dmul.o(.text)
    .text                                    0x08000470   Section        0  ddiv.o(.text)
    .text                                    0x08000560   Section        0  ffltui.o(.text)
    .text                                    0x08000570   Section        0  dfltui.o(.text)
    .text                                    0x0800058c   Section        0  ffixui.o(.text)
    .text                                    0x080005b4   Section        0  dfixui.o(.text)
    .text                                    0x080005f0   Section        0  f2d.o(.text)
    .text                                    0x08000618   Section        0  d2f.o(.text)
    .text                                    0x08000650   Section        0  llshl.o(.text)
    .text                                    0x08000670   Section        0  llushr.o(.text)
    .text                                    0x08000692   Section        0  llsshr.o(.text)
    .text                                    0x080006b8   Section        0  iusefp.o(.text)
    .text                                    0x080006b8   Section        0  fepilogue.o(.text)
    .text                                    0x0800073a   Section        0  depilogue.o(.text)
    .text                                    0x080007f8   Section        0  dscalb.o(.text)
    .text                                    0x08000824   Section        0  dsqrt.o(.text)
    .text                                    0x080008c8   Section        0  dflti.o(.text)
    .text                                    0x080008f0   Section       40  cdrcmple.o(.text)
    .text                                    0x08000918   Section       36  init.o(.text)
    .text                                    0x0800093c   Section        0  __dczerorl2.o(.text)
    i.$Sub$$main                             0x08000994   Section        0  system_py32f0xx.o(i.$Sub$$main)
    i.ADC_COMP_IRQHandler                    0x080009c4   Section        0  app.o(i.ADC_COMP_IRQHandler)
    i.ADC_ConvCplt                           0x080009dc   Section        0  app.o(i.ADC_ConvCplt)
    i.ADC_ConversionStop                     0x08000a78   Section        0  py32f0xx_hal_adc.o(i.ADC_ConversionStop)
    ADC_ConversionStop                       0x08000a79   Thumb Code    88  py32f0xx_hal_adc.o(i.ADC_ConversionStop)
    i.ADC_Disable                            0x08000ad0   Section        0  py32f0xx_hal_adc.o(i.ADC_Disable)
    ADC_Disable                              0x08000ad1   Thumb Code    92  py32f0xx_hal_adc.o(i.ADC_Disable)
    i.ADC_Enable                             0x08000b2c   Section        0  py32f0xx_hal_adc.o(i.ADC_Enable)
    ADC_Enable                               0x08000b2d   Thumb Code    78  py32f0xx_hal_adc.o(i.ADC_Enable)
    i.AIP1820_IIC_start                      0x08000b88   Section        0  aip1820.o(i.AIP1820_IIC_start)
    AIP1820_IIC_start                        0x08000b89   Thumb Code    54  aip1820.o(i.AIP1820_IIC_start)
    i.AIP1820_IIC_stop                       0x08000bc4   Section        0  aip1820.o(i.AIP1820_IIC_stop)
    AIP1820_IIC_stop                         0x08000bc5   Thumb Code    54  aip1820.o(i.AIP1820_IIC_stop)
    i.AIP1820_IIC_write_byte                 0x08000c00   Section        0  aip1820.o(i.AIP1820_IIC_write_byte)
    AIP1820_IIC_write_byte                   0x08000c01   Thumb Code   156  aip1820.o(i.AIP1820_IIC_write_byte)
    i.AIP1820_init                           0x08000ca0   Section        0  aip1820.o(i.AIP1820_init)
    i.AIP1820_printf                         0x08000d20   Section        0  aip1820.o(i.AIP1820_printf)
    i.APP_ADCConfig                          0x08000d58   Section        0  adc.o(i.APP_ADCConfig)
    i.APP_Tim1Config                         0x08000e0c   Section        0  adc.o(i.APP_Tim1Config)
    i.Adjust_Task                            0x08000e74   Section        0  app.o(i.Adjust_Task)
    i.Display_Task                           0x08000f04   Section        0  app.o(i.Display_Task)
    i.Error_Handler                          0x08001234   Section        0  py32f002xx_start_kit.o(i.Error_Handler)
    i.FLASH_WaitForLastOperation             0x08001238   Section        0  py32f0xx_hal_flash.o(i.FLASH_WaitForLastOperation)
    i.HAL_ADC_Calibration_Start              0x08001270   Section        0  py32f0xx_hal_adc.o(i.HAL_ADC_Calibration_Start)
    i.HAL_ADC_ConfigChannel                  0x080012f8   Section        0  py32f0xx_hal_adc.o(i.HAL_ADC_ConfigChannel)
    i.HAL_ADC_Init                           0x08001400   Section        0  py32f0xx_hal_adc.o(i.HAL_ADC_Init)
    i.HAL_ADC_MspInit                        0x08001558   Section        0  py32f0xx_hal_msp.o(i.HAL_ADC_MspInit)
    i.HAL_ADC_Start_IT                       0x080015bc   Section        0  py32f0xx_hal_adc.o(i.HAL_ADC_Start_IT)
    i.HAL_ADC_Stop_IT                        0x08001638   Section        0  py32f0xx_hal_adc.o(i.HAL_ADC_Stop_IT)
    i.HAL_Delay                              0x08001680   Section        0  py32f0xx_hal.o(i.HAL_Delay)
    i.HAL_FLASH_Lock                         0x080016a4   Section        0  py32f0xx_hal_flash.o(i.HAL_FLASH_Lock)
    i.HAL_FLASH_OBProgram                    0x080016c0   Section        0  py32f0xx_hal_flash.o(i.HAL_FLASH_OBProgram)
    i.HAL_FLASH_OB_Launch                    0x08001830   Section        0  py32f0xx_hal_flash.o(i.HAL_FLASH_OB_Launch)
    i.HAL_FLASH_OB_Lock                      0x08001844   Section        0  py32f0xx_hal_flash.o(i.HAL_FLASH_OB_Lock)
    i.HAL_FLASH_OB_Unlock                    0x08001860   Section        0  py32f0xx_hal_flash.o(i.HAL_FLASH_OB_Unlock)
    i.HAL_FLASH_Unlock                       0x08001888   Section        0  py32f0xx_hal_flash.o(i.HAL_FLASH_Unlock)
    i.HAL_GPIO_Init                          0x080018b0   Section        0  py32f0xx_hal_gpio.o(i.HAL_GPIO_Init)
    i.HAL_GPIO_ReadPin                       0x080019d0   Section        0  py32f0xx_hal_gpio.o(i.HAL_GPIO_ReadPin)
    i.HAL_GPIO_WritePin                      0x080019da   Section        0  py32f0xx_hal_gpio.o(i.HAL_GPIO_WritePin)
    i.HAL_GetTick                            0x080019e8   Section        0  py32f0xx_hal.o(i.HAL_GetTick)
    i.HAL_IncTick                            0x080019f4   Section        0  py32f0xx_hal.o(i.HAL_IncTick)
    i.HAL_Init                               0x08001a04   Section        0  py32f0xx_hal.o(i.HAL_Init)
    i.HAL_InitTick                           0x08001a20   Section        0  py32f0xx_hal.o(i.HAL_InitTick)
    i.HAL_MspInit                            0x08001a68   Section        0  py32f0xx_hal_msp.o(i.HAL_MspInit)
    i.HAL_NVIC_EnableIRQ                     0x08001a6c   Section        0  py32f0xx_hal_cortex.o(i.HAL_NVIC_EnableIRQ)
    i.HAL_NVIC_SetPriority                   0x08001a80   Section        0  py32f0xx_hal_cortex.o(i.HAL_NVIC_SetPriority)
    i.HAL_RCC_ClockConfig                    0x08001ac4   Section        0  py32f0xx_hal_rcc.o(i.HAL_RCC_ClockConfig)
    i.HAL_RCC_GetSysClockFreq                0x08001c30   Section        0  py32f0xx_hal_rcc.o(i.HAL_RCC_GetSysClockFreq)
    i.HAL_RCC_OscConfig                      0x08001ca8   Section        0  py32f0xx_hal_rcc.o(i.HAL_RCC_OscConfig)
    i.HAL_SYSTICK_Config                     0x08001ed8   Section        0  py32f0xx_hal_cortex.o(i.HAL_SYSTICK_Config)
    i.HAL_TIMEx_MasterConfigSynchronization  0x08001f14   Section        0  py32f0xx_hal_tim_ex.o(i.HAL_TIMEx_MasterConfigSynchronization)
    i.HAL_TIM_Base_Init                      0x08001f5c   Section        0  py32f0xx_hal_tim.o(i.HAL_TIM_Base_Init)
    i.HAL_TIM_Base_MspInit                   0x08001f8a   Section        0  py32f0xx_hal_tim.o(i.HAL_TIM_Base_MspInit)
    i.HAL_TIM_Base_Start                     0x08001f8c   Section        0  py32f0xx_hal_tim.o(i.HAL_TIM_Base_Start)
    i.HardFault_Handler                      0x08001faa   Section        0  py32f0xx_it.o(i.HardFault_Handler)
    i.Init_Task                              0x08001fac   Section        0  app.o(i.Init_Task)
    i.Key_Task                               0x08002044   Section        0  app.o(i.Key_Task)
    i.NMI_Handler                            0x08002078   Section        0  py32f0xx_it.o(i.NMI_Handler)
    i.PendSV_Handler                         0x0800207a   Section        0  py32f0xx_it.o(i.PendSV_Handler)
    i.Protection_Task                        0x0800207c   Section        0  app.o(i.Protection_Task)
    i.Rms_Task                               0x08002134   Section        0  app.o(i.Rms_Task)
    i.SVC_Handler                            0x08002204   Section        0  py32f0xx_it.o(i.SVC_Handler)
    i.SysTick_Handler                        0x08002208   Section        0  py32f0xx_it.o(i.SysTick_Handler)
    i.SystemInit                             0x0800221c   Section        0  system_py32f0xx.o(i.SystemInit)
    i.TASK_Process                           0x08002248   Section        0  app.o(i.TASK_Process)
    i.TASK_Remarks                           0x08002274   Section        0  app.o(i.TASK_Remarks)
    i.TIM_Base_SetConfig                     0x080022ac   Section        0  py32f0xx_hal_tim.o(i.TIM_Base_SetConfig)
    i.__ARM_clz                              0x08002304   Section        0  depilogue.o(i.__ARM_clz)
    i.__ARM_fpclassify                       0x08002334   Section        0  fpclassify.o(i.__ARM_fpclassify)
    i.__kernel_poly                          0x08002360   Section        0  poly.o(i.__kernel_poly)
    i.__mathlib_dbl_divzero                  0x0800240c   Section        0  dunder.o(i.__mathlib_dbl_divzero)
    i.__mathlib_dbl_infnan2                  0x08002420   Section        0  dunder.o(i.__mathlib_dbl_infnan2)
    i.__mathlib_dbl_invalid                  0x08002428   Section        0  dunder.o(i.__mathlib_dbl_invalid)
    i.__mathlib_dbl_overflow                 0x08002438   Section        0  dunder.o(i.__mathlib_dbl_overflow)
    i.__mathlib_dbl_underflow                0x0800244c   Section        0  dunder.o(i.__mathlib_dbl_underflow)
    i.__scatterload_copy                     0x08002460   Section       14  handlers.o(i.__scatterload_copy)
    i.__scatterload_null                     0x0800246e   Section        2  handlers.o(i.__scatterload_null)
    i.__scatterload_zeroinit                 0x08002470   Section       14  handlers.o(i.__scatterload_zeroinit)
    i.__set_errno                            0x08002480   Section        0  errno.o(i.__set_errno)
    i.adc_ch_change                          0x0800248c   Section        0  adc.o(i.adc_ch_change)
    i.calculate_rms                          0x080024b4   Section        0  app.o(i.calculate_rms)
    i.count_down                             0x08002564   Section        0  app.o(i.count_down)
    i.electric_read                          0x080025ec   Section        0  app.o(i.electric_read)
    i.main                                   0x0800267c   Section        0  main.o(i.main)
    i.pow                                    0x08002744   Section        0  pow.o(i.pow)
    i.power_switch                           0x08003140   Section        0  relay.o(i.power_switch)
    i.relay_control                          0x08003154   Section        0  relay.o(i.relay_control)
    i.relay_init                             0x0800331c   Section        0  relay.o(i.relay_init)
    i.sdelay_us                              0x0800338c   Section        0  aip1820.o(i.sdelay_us)
    sdelay_us                                0x0800338d   Thumb Code    16  aip1820.o(i.sdelay_us)
    i.sqrt                                   0x0800339c   Section        0  sqrt.o(i.sqrt)
    .constdata                               0x080033e4   Section       96  system_py32f0xx.o(.constdata)
    .constdata                               0x08003444   Section       32  py32f0xx_hal_flash.o(.constdata)
    .constdata                               0x08003464   Section       20  py32f0xx_hal_rcc.o(.constdata)
    .constdata                               0x08003478   Section      136  pow.o(.constdata)
    bp                                       0x08003478   Data          16  pow.o(.constdata)
    dp_h                                     0x08003488   Data          16  pow.o(.constdata)
    dp_l                                     0x08003498   Data          16  pow.o(.constdata)
    L                                        0x080034a8   Data          48  pow.o(.constdata)
    P                                        0x080034d8   Data          40  pow.o(.constdata)
    .constdata                               0x08003500   Section        8  qnan.o(.constdata)
    .ARM.__at_0x20000000                     0x20000000   Section      192  system_py32f0xx.o(.ARM.__at_0x20000000)
    .data                                    0x200000c0   Section        1  main.o(.data)
    .data                                    0x200000c4   Section        4  system_py32f0xx.o(.data)
    .data                                    0x200000c8   Section        8  adc.o(.data)
    .data                                    0x200000d0   Section       17  aip1820.o(.data)
    .data                                    0x200000e4   Section      107  app.o(.data)
    i                                        0x200000ec   Data           1  app.o(.data)
    i                                        0x200000ed   Data           1  app.o(.data)
    time_count3                              0x200000ee   Data           1  app.o(.data)
    init_flag                                0x200000ef   Data           1  app.o(.data)
    level_state                              0x200000f0   Data           1  app.o(.data)
    last_value                               0x200000f6   Data           2  app.o(.data)
    last_value                               0x200000f8   Data           2  app.o(.data)
    run_count                                0x200000fa   Data           2  app.o(.data)
    lv_time                                  0x200000fc   Data           2  app.o(.data)
    time_count                               0x200000fe   Data           2  app.o(.data)
    time_count2                              0x20000100   Data           2  app.o(.data)
    time1                                    0x20000102   Data           2  app.o(.data)
    state                                    0x20000104   Data           2  app.o(.data)
    sg_tTaskInfo                             0x20000108   Data          48  app.o(.data)
    .data                                    0x20000150   Section       12  py32f0xx_hal.o(.data)
    .data                                    0x2000015c   Section        4  errno.o(.data)
    _errno                                   0x2000015c   Data           4  errno.o(.data)
    .bss                                     0x20000160   Section      100  adc.o(.bss)
    .bss                                     0x200001c4   Section      252  app.o(.bss)
    .bss                                     0x200002c0   Section       24  py32f0xx_hal_flash.o(.bss)
    STACK                                    0x200002d8   Section     1024  startup_py32f002xx.o(STACK)

    Global Symbols

    Symbol Name                              Value     Ov Type        Size  Object(Section)

    BuildAttributes$$THM_ISAv3M$S$PE$A:L22$X:L11$S22$IEEE1$IW$USESV6$~STKCKD$USESV7$~SHL$OTIME$ROPI$IEEEX$EBA8$MICROLIB$REQ8$PRES8$EABIv2 0x00000000   Number         0  anon$$obj.o ABSOLUTE
    __ARM_use_no_argv                        0x00000000   Number         0  main.o ABSOLUTE
    __cpp_initialize__aeabi_                  - Undefined Weak Reference
    __cxa_finalize                            - Undefined Weak Reference
    _clock_init                               - Undefined Weak Reference
    _microlib_exit                            - Undefined Weak Reference
    __Vectors_Size                           0x000000c0   Number         0  startup_py32f002xx.o ABSOLUTE
    __Vectors                                0x08000000   Data           4  startup_py32f002xx.o(RESET)
    __Vectors_End                            0x080000c0   Data           0  startup_py32f002xx.o(RESET)
    __main                                   0x080000c1   Thumb Code     0  entry.o(.ARM.Collect$$$$00000000)
    _main_stk                                0x080000c1   Thumb Code     0  entry2.o(.ARM.Collect$$$$00000001)
    _main_scatterload                        0x080000c5   Thumb Code     0  entry5.o(.ARM.Collect$$$$00000004)
    __main_after_scatterload                 0x080000c9   Thumb Code     0  entry5.o(.ARM.Collect$$$$00000004)
    _main_clock                              0x080000c9   Thumb Code     0  entry7b.o(.ARM.Collect$$$$00000008)
    _main_cpp_init                           0x080000c9   Thumb Code     0  entry8b.o(.ARM.Collect$$$$0000000A)
    _main_init                               0x080000c9   Thumb Code     0  entry9a.o(.ARM.Collect$$$$0000000B)
    __rt_final_cpp                           0x080000d1   Thumb Code     0  entry10a.o(.ARM.Collect$$$$0000000D)
    __rt_final_exit                          0x080000d1   Thumb Code     0  entry11a.o(.ARM.Collect$$$$0000000F)
    Reset_Handler                            0x080000d5   Thumb Code     8  startup_py32f002xx.o(.text)
    EXTI0_1_IRQHandler                       0x080000e7   Thumb Code     0  startup_py32f002xx.o(.text)
    EXTI2_3_IRQHandler                       0x080000e7   Thumb Code     0  startup_py32f002xx.o(.text)
    EXTI4_15_IRQHandler                      0x080000e7   Thumb Code     0  startup_py32f002xx.o(.text)
    FLASH_IRQHandler                         0x080000e7   Thumb Code     0  startup_py32f002xx.o(.text)
    I2C1_IRQHandler                          0x080000e7   Thumb Code     0  startup_py32f002xx.o(.text)
    LPTIM1_IRQHandler                        0x080000e7   Thumb Code     0  startup_py32f002xx.o(.text)
    RCC_IRQHandler                           0x080000e7   Thumb Code     0  startup_py32f002xx.o(.text)
    SPI1_IRQHandler                          0x080000e7   Thumb Code     0  startup_py32f002xx.o(.text)
    TIM16_IRQHandler                         0x080000e7   Thumb Code     0  startup_py32f002xx.o(.text)
    TIM1_BRK_UP_TRG_COM_IRQHandler           0x080000e7   Thumb Code     0  startup_py32f002xx.o(.text)
    TIM1_CC_IRQHandler                       0x080000e7   Thumb Code     0  startup_py32f002xx.o(.text)
    USART1_IRQHandler                        0x080000e7   Thumb Code     0  startup_py32f002xx.o(.text)
    __aeabi_uidiv                            0x080000f1   Thumb Code     0  uidiv.o(.text)
    __aeabi_uidivmod                         0x080000f1   Thumb Code    44  uidiv.o(.text)
    __aeabi_idiv                             0x0800011d   Thumb Code     0  idiv.o(.text)
    __aeabi_idivmod                          0x0800011d   Thumb Code    40  idiv.o(.text)
    __aeabi_fmul                             0x08000145   Thumb Code   122  fmul.o(.text)
    __aeabi_fdiv                             0x080001bf   Thumb Code   124  fdiv.o(.text)
    __aeabi_dadd                             0x0800023d   Thumb Code   328  dadd.o(.text)
    __aeabi_dsub                             0x08000385   Thumb Code    12  dadd.o(.text)
    __aeabi_drsub                            0x08000391   Thumb Code    12  dadd.o(.text)
    __aeabi_dmul                             0x080003a1   Thumb Code   202  dmul.o(.text)
    __aeabi_ddiv                             0x08000471   Thumb Code   234  ddiv.o(.text)
    __aeabi_ui2f                             0x08000561   Thumb Code    14  ffltui.o(.text)
    __aeabi_ui2d                             0x08000571   Thumb Code    24  dfltui.o(.text)
    __aeabi_f2uiz                            0x0800058d   Thumb Code    40  ffixui.o(.text)
    __aeabi_d2uiz                            0x080005b5   Thumb Code    50  dfixui.o(.text)
    __aeabi_f2d                              0x080005f1   Thumb Code    40  f2d.o(.text)
    __aeabi_d2f                              0x08000619   Thumb Code    56  d2f.o(.text)
    __aeabi_llsl                             0x08000651   Thumb Code    32  llshl.o(.text)
    _ll_shift_l                              0x08000651   Thumb Code     0  llshl.o(.text)
    __aeabi_llsr                             0x08000671   Thumb Code    34  llushr.o(.text)
    _ll_ushift_r                             0x08000671   Thumb Code     0  llushr.o(.text)
    __aeabi_lasr                             0x08000693   Thumb Code    38  llsshr.o(.text)
    _ll_sshift_r                             0x08000693   Thumb Code     0  llsshr.o(.text)
    __I$use$fp                               0x080006b9   Thumb Code     0  iusefp.o(.text)
    _float_round                             0x080006b9   Thumb Code    16  fepilogue.o(.text)
    _float_epilogue                          0x080006c9   Thumb Code   114  fepilogue.o(.text)
    _double_round                            0x0800073b   Thumb Code    26  depilogue.o(.text)
    _double_epilogue                         0x08000755   Thumb Code   164  depilogue.o(.text)
    __ARM_scalbn                             0x080007f9   Thumb Code    44  dscalb.o(.text)
    scalbn                                   0x080007f9   Thumb Code     0  dscalb.o(.text)
    _dsqrt                                   0x08000825   Thumb Code   162  dsqrt.o(.text)
    __aeabi_i2d                              0x080008c9   Thumb Code    34  dflti.o(.text)
    __aeabi_cdrcmple                         0x080008f1   Thumb Code    38  cdrcmple.o(.text)
    __scatterload                            0x08000919   Thumb Code    28  init.o(.text)
    __scatterload_rt2                        0x08000919   Thumb Code     0  init.o(.text)
    __decompress                             0x0800093d   Thumb Code     0  __dczerorl2.o(.text)
    __decompress1                            0x0800093d   Thumb Code    86  __dczerorl2.o(.text)
    main                                     0x08000995   Thumb Code    40  system_py32f0xx.o(i.$Sub$$main)
    ADC_COMP_IRQHandler                      0x080009c5   Thumb Code    18  app.o(i.ADC_COMP_IRQHandler)
    ADC_ConvCplt                             0x080009dd   Thumb Code   138  app.o(i.ADC_ConvCplt)
    AIP1820_init                             0x08000ca1   Thumb Code   118  aip1820.o(i.AIP1820_init)
    AIP1820_printf                           0x08000d21   Thumb Code    56  aip1820.o(i.AIP1820_printf)
    APP_ADCConfig                            0x08000d59   Thumb Code   156  adc.o(i.APP_ADCConfig)
    APP_Tim1Config                           0x08000e0d   Thumb Code    86  adc.o(i.APP_Tim1Config)
    Adjust_Task                              0x08000e75   Thumb Code   124  app.o(i.Adjust_Task)
    Display_Task                             0x08000f05   Thumb Code   802  app.o(i.Display_Task)
    Error_Handler                            0x08001235   Thumb Code     2  py32f002xx_start_kit.o(i.Error_Handler)
    FLASH_WaitForLastOperation               0x08001239   Thumb Code    48  py32f0xx_hal_flash.o(i.FLASH_WaitForLastOperation)
    HAL_ADC_Calibration_Start                0x08001271   Thumb Code   136  py32f0xx_hal_adc.o(i.HAL_ADC_Calibration_Start)
    HAL_ADC_ConfigChannel                    0x080012f9   Thumb Code   246  py32f0xx_hal_adc.o(i.HAL_ADC_ConfigChannel)
    HAL_ADC_Init                             0x08001401   Thumb Code   336  py32f0xx_hal_adc.o(i.HAL_ADC_Init)
    HAL_ADC_MspInit                          0x08001559   Thumb Code    92  py32f0xx_hal_msp.o(i.HAL_ADC_MspInit)
    HAL_ADC_Start_IT                         0x080015bd   Thumb Code   118  py32f0xx_hal_adc.o(i.HAL_ADC_Start_IT)
    HAL_ADC_Stop_IT                          0x08001639   Thumb Code    72  py32f0xx_hal_adc.o(i.HAL_ADC_Stop_IT)
    HAL_Delay                                0x08001681   Thumb Code    32  py32f0xx_hal.o(i.HAL_Delay)
    HAL_FLASH_Lock                           0x080016a5   Thumb Code    22  py32f0xx_hal_flash.o(i.HAL_FLASH_Lock)
    HAL_FLASH_OBProgram                      0x080016c1   Thumb Code   342  py32f0xx_hal_flash.o(i.HAL_FLASH_OBProgram)
    HAL_FLASH_OB_Launch                      0x08001831   Thumb Code    16  py32f0xx_hal_flash.o(i.HAL_FLASH_OB_Launch)
    HAL_FLASH_OB_Lock                        0x08001845   Thumb Code    22  py32f0xx_hal_flash.o(i.HAL_FLASH_OB_Lock)
    HAL_FLASH_OB_Unlock                      0x08001861   Thumb Code    28  py32f0xx_hal_flash.o(i.HAL_FLASH_OB_Unlock)
    HAL_FLASH_Unlock                         0x08001889   Thumb Code    28  py32f0xx_hal_flash.o(i.HAL_FLASH_Unlock)
    HAL_GPIO_Init                            0x080018b1   Thumb Code   276  py32f0xx_hal_gpio.o(i.HAL_GPIO_Init)
    HAL_GPIO_ReadPin                         0x080019d1   Thumb Code    10  py32f0xx_hal_gpio.o(i.HAL_GPIO_ReadPin)
    HAL_GPIO_WritePin                        0x080019db   Thumb Code    12  py32f0xx_hal_gpio.o(i.HAL_GPIO_WritePin)
    HAL_GetTick                              0x080019e9   Thumb Code     6  py32f0xx_hal.o(i.HAL_GetTick)
    HAL_IncTick                              0x080019f5   Thumb Code    12  py32f0xx_hal.o(i.HAL_IncTick)
    HAL_Init                                 0x08001a05   Thumb Code    26  py32f0xx_hal.o(i.HAL_Init)
    HAL_InitTick                             0x08001a21   Thumb Code    64  py32f0xx_hal.o(i.HAL_InitTick)
    HAL_MspInit                              0x08001a69   Thumb Code     2  py32f0xx_hal_msp.o(i.HAL_MspInit)
    HAL_NVIC_EnableIRQ                       0x08001a6d   Thumb Code    14  py32f0xx_hal_cortex.o(i.HAL_NVIC_EnableIRQ)
    HAL_NVIC_SetPriority                     0x08001a81   Thumb Code    60  py32f0xx_hal_cortex.o(i.HAL_NVIC_SetPriority)
    HAL_RCC_ClockConfig                      0x08001ac5   Thumb Code   336  py32f0xx_hal_rcc.o(i.HAL_RCC_ClockConfig)
    HAL_RCC_GetSysClockFreq                  0x08001c31   Thumb Code   106  py32f0xx_hal_rcc.o(i.HAL_RCC_GetSysClockFreq)
    HAL_RCC_OscConfig                        0x08001ca9   Thumb Code   538  py32f0xx_hal_rcc.o(i.HAL_RCC_OscConfig)
    HAL_SYSTICK_Config                       0x08001ed9   Thumb Code    46  py32f0xx_hal_cortex.o(i.HAL_SYSTICK_Config)
    HAL_TIMEx_MasterConfigSynchronization    0x08001f15   Thumb Code    66  py32f0xx_hal_tim_ex.o(i.HAL_TIMEx_MasterConfigSynchronization)
    HAL_TIM_Base_Init                        0x08001f5d   Thumb Code    46  py32f0xx_hal_tim.o(i.HAL_TIM_Base_Init)
    HAL_TIM_Base_MspInit                     0x08001f8b   Thumb Code     2  py32f0xx_hal_tim.o(i.HAL_TIM_Base_MspInit)
    HAL_TIM_Base_Start                       0x08001f8d   Thumb Code    30  py32f0xx_hal_tim.o(i.HAL_TIM_Base_Start)
    HardFault_Handler                        0x08001fab   Thumb Code     2  py32f0xx_it.o(i.HardFault_Handler)
    Init_Task                                0x08001fad   Thumb Code   126  app.o(i.Init_Task)
    Key_Task                                 0x08002045   Thumb Code    46  app.o(i.Key_Task)
    NMI_Handler                              0x08002079   Thumb Code     2  py32f0xx_it.o(i.NMI_Handler)
    PendSV_Handler                           0x0800207b   Thumb Code     2  py32f0xx_it.o(i.PendSV_Handler)
    Protection_Task                          0x0800207d   Thumb Code   170  app.o(i.Protection_Task)
    Rms_Task                                 0x08002135   Thumb Code   196  app.o(i.Rms_Task)
    SVC_Handler                              0x08002205   Thumb Code     2  py32f0xx_it.o(i.SVC_Handler)
    SysTick_Handler                          0x08002209   Thumb Code    14  py32f0xx_it.o(i.SysTick_Handler)
    SystemInit                               0x0800221d   Thumb Code    30  system_py32f0xx.o(i.SystemInit)
    TASK_Process                             0x08002249   Thumb Code    38  app.o(i.TASK_Process)
    TASK_Remarks                             0x08002275   Thumb Code    50  app.o(i.TASK_Remarks)
    TIM_Base_SetConfig                       0x080022ad   Thumb Code    78  py32f0xx_hal_tim.o(i.TIM_Base_SetConfig)
    __ARM_clz                                0x08002305   Thumb Code    46  depilogue.o(i.__ARM_clz)
    __ARM_fpclassify                         0x08002335   Thumb Code    40  fpclassify.o(i.__ARM_fpclassify)
    __kernel_poly                            0x08002361   Thumb Code   172  poly.o(i.__kernel_poly)
    __mathlib_dbl_divzero                    0x0800240d   Thumb Code    16  dunder.o(i.__mathlib_dbl_divzero)
    __mathlib_dbl_infnan2                    0x08002421   Thumb Code     8  dunder.o(i.__mathlib_dbl_infnan2)
    __mathlib_dbl_invalid                    0x08002429   Thumb Code    16  dunder.o(i.__mathlib_dbl_invalid)
    __mathlib_dbl_overflow                   0x08002439   Thumb Code    16  dunder.o(i.__mathlib_dbl_overflow)
    __mathlib_dbl_underflow                  0x0800244d   Thumb Code    14  dunder.o(i.__mathlib_dbl_underflow)
    __scatterload_copy                       0x08002461   Thumb Code    14  handlers.o(i.__scatterload_copy)
    __scatterload_null                       0x0800246f   Thumb Code     2  handlers.o(i.__scatterload_null)
    __scatterload_zeroinit                   0x08002471   Thumb Code    14  handlers.o(i.__scatterload_zeroinit)
    __set_errno                              0x08002481   Thumb Code     6  errno.o(i.__set_errno)
    adc_ch_change                            0x0800248d   Thumb Code    30  adc.o(i.adc_ch_change)
    calculate_rms                            0x080024b5   Thumb Code   148  app.o(i.calculate_rms)
    count_down                               0x08002565   Thumb Code   126  app.o(i.count_down)
    electric_read                            0x080025ed   Thumb Code   116  app.o(i.electric_read)
    $Super$$main                             0x0800267d   Thumb Code   188  main.o(i.main)
    pow                                      0x08002745   Thumb Code  2548  pow.o(i.pow)
    power_switch                             0x08003141   Thumb Code    18  relay.o(i.power_switch)
    relay_control                            0x08003155   Thumb Code   446  relay.o(i.relay_control)
    relay_init                               0x0800331d   Thumb Code    98  relay.o(i.relay_init)
    sqrt                                     0x0800339d   Thumb Code    66  sqrt.o(i.sqrt)
    AHBPrescTable                            0x080033e4   Data          64  system_py32f0xx.o(.constdata)
    HSIFreqTable                             0x08003424   Data          32  system_py32f0xx.o(.constdata)
    _FlashTimmingParam                       0x08003444   Data          32  py32f0xx_hal_flash.o(.constdata)
    __mathlib_zero                           0x08003500   Data           8  qnan.o(.constdata)
    Region$$Table$$Base                      0x08003508   Number         0  anon$$obj.o(Region$$Table)
    Region$$Table$$Limit                     0x08003528   Number         0  anon$$obj.o(Region$$Table)
    VECT_SRAM_TAB                            0x20000000   Data         192  system_py32f0xx.o(.ARM.__at_0x20000000)
    task_tick                                0x200000c0   Data           1  main.o(.data)
    SystemCoreClock                          0x200000c4   Data           4  system_py32f0xx.o(.data)
    sMasterConfig                            0x200000c8   Data           8  adc.o(.data)
    SEG1_CODE                                0x200000d0   Data          17  aip1820.o(.data)
    ch1ConversionFlag                        0x200000e4   Data           1  app.o(.data)
    ch0ConversionFlag                        0x200000e5   Data           1  app.o(.data)
    ch6ConversionFlag                        0x200000e6   Data           1  app.o(.data)
    adjustState                              0x200000e7   Data           1  app.o(.data)
    led2_twink                               0x200000e8   Data           1  app.o(.data)
    warning_twink                            0x200000e9   Data           1  app.o(.data)
    Init_State                               0x200000ea   Data           1  app.o(.data)
    adc_indx                                 0x200000eb   Data           1  app.o(.data)
    power_p                                  0x200000f1   Data           1  app.o(.data)
    init_delay                               0x200000f2   Data           2  app.o(.data)
    count                                    0x200000f4   Data           2  app.o(.data)
    VPTH                                     0x20000138   Data          12  app.o(.data)
    VPLH                                     0x20000144   Data          11  app.o(.data)
    uwTickPrio                               0x20000150   Data           4  py32f0xx_hal.o(.data)
    uwTickFreq                               0x20000154   Data           4  py32f0xx_hal.o(.data)
    uwTick                                   0x20000158   Data           4  py32f0xx_hal.o(.data)
    AdcHandle                                0x20000160   Data          56  adc.o(.bss)
    sConfig                                  0x20000198   Data          12  adc.o(.bss)
    TimHandle                                0x200001a4   Data          32  adc.o(.bss)
    adValue_buffer                           0x200001c4   Data         240  app.o(.bss)
    AVR_Handle                               0x200002b4   Data          12  app.o(.bss)
    pFlash                                   0x200002c0   Data          24  py32f0xx_hal_flash.o(.bss)
    __initial_sp                             0x200006d8   Data           0  startup_py32f002xx.o(STACK)



==============================================================================

Memory Map of the image

  Image Entry point : 0x080000c1

  Load Region LR_IROM1 (Base: 0x08000000, Size: 0x00003688, Max: 0x00005000, ABSOLUTE, COMPRESSED[0x00003584])

    Execution Region ER_IROM1 (Exec base: 0x08000000, Load base: 0x08000000, Size: 0x00003528, Max: 0x00005000, ABSOLUTE)

    Exec Addr    Load Addr    Size         Type   Attr      Idx    E Section Name        Object

    0x08000000   0x08000000   0x000000c0   Data   RO          630    RESET               startup_py32f002xx.o
    0x080000c0   0x080000c0   0x00000000   Code   RO         2608  * .ARM.Collect$$$$00000000  mc_p.l(entry.o)
    0x080000c0   0x080000c0   0x00000004   Code   RO         2658    .ARM.Collect$$$$00000001  mc_p.l(entry2.o)
    0x080000c4   0x080000c4   0x00000004   Code   RO         2661    .ARM.Collect$$$$00000004  mc_p.l(entry5.o)
    0x080000c8   0x080000c8   0x00000000   Code   RO         2663    .ARM.Collect$$$$00000008  mc_p.l(entry7b.o)
    0x080000c8   0x080000c8   0x00000000   Code   RO         2665    .ARM.Collect$$$$0000000A  mc_p.l(entry8b.o)
    0x080000c8   0x080000c8   0x00000008   Code   RO         2666    .ARM.Collect$$$$0000000B  mc_p.l(entry9a.o)
    0x080000d0   0x080000d0   0x00000000   Code   RO         2668    .ARM.Collect$$$$0000000D  mc_p.l(entry10a.o)
    0x080000d0   0x080000d0   0x00000000   Code   RO         2670    .ARM.Collect$$$$0000000F  mc_p.l(entry11a.o)
    0x080000d0   0x080000d0   0x00000004   Code   RO         2659    .ARM.Collect$$$$00002712  mc_p.l(entry2.o)
    0x080000d4   0x080000d4   0x0000001c   Code   RO          631    .text               startup_py32f002xx.o
    0x080000f0   0x080000f0   0x0000002c   Code   RO         2611    .text               mc_p.l(uidiv.o)
    0x0800011c   0x0800011c   0x00000028   Code   RO         2613    .text               mc_p.l(idiv.o)
    0x08000144   0x08000144   0x0000007a   Code   RO         2617    .text               mf_p.l(fmul.o)
    0x080001be   0x080001be   0x0000007c   Code   RO         2619    .text               mf_p.l(fdiv.o)
    0x0800023a   0x0800023a   0x00000002   PAD
    0x0800023c   0x0800023c   0x00000164   Code   RO         2621    .text               mf_p.l(dadd.o)
    0x080003a0   0x080003a0   0x000000d0   Code   RO         2623    .text               mf_p.l(dmul.o)
    0x08000470   0x08000470   0x000000f0   Code   RO         2625    .text               mf_p.l(ddiv.o)
    0x08000560   0x08000560   0x0000000e   Code   RO         2627    .text               mf_p.l(ffltui.o)
    0x0800056e   0x0800056e   0x00000002   PAD
    0x08000570   0x08000570   0x0000001c   Code   RO         2629    .text               mf_p.l(dfltui.o)
    0x0800058c   0x0800058c   0x00000028   Code   RO         2631    .text               mf_p.l(ffixui.o)
    0x080005b4   0x080005b4   0x0000003c   Code   RO         2633    .text               mf_p.l(dfixui.o)
    0x080005f0   0x080005f0   0x00000028   Code   RO         2635    .text               mf_p.l(f2d.o)
    0x08000618   0x08000618   0x00000038   Code   RO         2637    .text               mf_p.l(d2f.o)
    0x08000650   0x08000650   0x00000020   Code   RO         2672    .text               mc_p.l(llshl.o)
    0x08000670   0x08000670   0x00000022   Code   RO         2674    .text               mc_p.l(llushr.o)
    0x08000692   0x08000692   0x00000026   Code   RO         2676    .text               mc_p.l(llsshr.o)
    0x080006b8   0x080006b8   0x00000000   Code   RO         2685    .text               mc_p.l(iusefp.o)
    0x080006b8   0x080006b8   0x00000082   Code   RO         2686    .text               mf_p.l(fepilogue.o)
    0x0800073a   0x0800073a   0x000000be   Code   RO         2688    .text               mf_p.l(depilogue.o)
    0x080007f8   0x080007f8   0x0000002c   Code   RO         2692    .text               mf_p.l(dscalb.o)
    0x08000824   0x08000824   0x000000a2   Code   RO         2694    .text               mf_p.l(dsqrt.o)
    0x080008c6   0x080008c6   0x00000002   PAD
    0x080008c8   0x080008c8   0x00000028   Code   RO         2696    .text               mf_p.l(dflti.o)
    0x080008f0   0x080008f0   0x00000028   Code   RO         2700    .text               mf_p.l(cdrcmple.o)
    0x08000918   0x08000918   0x00000024   Code   RO         2702    .text               mc_p.l(init.o)
    0x0800093c   0x0800093c   0x00000056   Code   RO         2712    .text               mc_p.l(__dczerorl2.o)
    0x08000992   0x08000992   0x00000002   PAD
    0x08000994   0x08000994   0x00000030   Code   RO          382    i.$Sub$$main        system_py32f0xx.o
    0x080009c4   0x080009c4   0x00000018   Code   RO          637    i.ADC_COMP_IRQHandler  app.o
    0x080009dc   0x080009dc   0x0000009c   Code   RO          638    i.ADC_ConvCplt      app.o
    0x08000a78   0x08000a78   0x00000058   Code   RO          908    i.ADC_ConversionStop  py32f0xx_hal_adc.o
    0x08000ad0   0x08000ad0   0x0000005c   Code   RO          909    i.ADC_Disable       py32f0xx_hal_adc.o
    0x08000b2c   0x08000b2c   0x0000005c   Code   RO          910    i.ADC_Enable        py32f0xx_hal_adc.o
    0x08000b88   0x08000b88   0x0000003c   Code   RO          498    i.AIP1820_IIC_start  aip1820.o
    0x08000bc4   0x08000bc4   0x0000003c   Code   RO          499    i.AIP1820_IIC_stop  aip1820.o
    0x08000c00   0x08000c00   0x000000a0   Code   RO          500    i.AIP1820_IIC_write_byte  aip1820.o
    0x08000ca0   0x08000ca0   0x00000080   Code   RO          501    i.AIP1820_init      aip1820.o
    0x08000d20   0x08000d20   0x00000038   Code   RO          502    i.AIP1820_printf    aip1820.o
    0x08000d58   0x08000d58   0x000000b4   Code   RO          423    i.APP_ADCConfig     adc.o
    0x08000e0c   0x08000e0c   0x00000068   Code   RO          424    i.APP_Tim1Config    adc.o
    0x08000e74   0x08000e74   0x00000090   Code   RO          639    i.Adjust_Task       app.o
    0x08000f04   0x08000f04   0x00000330   Code   RO          640    i.Display_Task      app.o
    0x08001234   0x08001234   0x00000002   Code   RO          244    i.Error_Handler     py32f002xx_start_kit.o
    0x08001236   0x08001236   0x00000002   PAD
    0x08001238   0x08001238   0x00000038   Code   RO         1157    i.FLASH_WaitForLastOperation  py32f0xx_hal_flash.o
    0x08001270   0x08001270   0x00000088   Code   RO          912    i.HAL_ADC_Calibration_Start  py32f0xx_hal_adc.o
    0x080012f8   0x080012f8   0x00000108   Code   RO          913    i.HAL_ADC_ConfigChannel  py32f0xx_hal_adc.o
    0x08001400   0x08001400   0x00000158   Code   RO          923    i.HAL_ADC_Init      py32f0xx_hal_adc.o
    0x08001558   0x08001558   0x00000064   Code   RO          129    i.HAL_ADC_MspInit   py32f0xx_hal_msp.o
    0x080015bc   0x080015bc   0x0000007c   Code   RO          931    i.HAL_ADC_Start_IT  py32f0xx_hal_adc.o
    0x08001638   0x08001638   0x00000048   Code   RO          933    i.HAL_ADC_Stop_IT   py32f0xx_hal_adc.o
    0x08001680   0x08001680   0x00000024   Code   RO          765    i.HAL_Delay         py32f0xx_hal.o
    0x080016a4   0x080016a4   0x0000001c   Code   RO         1163    i.HAL_FLASH_Lock    py32f0xx_hal_flash.o
    0x080016c0   0x080016c0   0x00000170   Code   RO         1165    i.HAL_FLASH_OBProgram  py32f0xx_hal_flash.o
    0x08001830   0x08001830   0x00000014   Code   RO         1166    i.HAL_FLASH_OB_Launch  py32f0xx_hal_flash.o
    0x08001844   0x08001844   0x0000001c   Code   RO         1167    i.HAL_FLASH_OB_Lock  py32f0xx_hal_flash.o
    0x08001860   0x08001860   0x00000028   Code   RO         1169    i.HAL_FLASH_OB_Unlock  py32f0xx_hal_flash.o
    0x08001888   0x08001888   0x00000028   Code   RO         1175    i.HAL_FLASH_Unlock  py32f0xx_hal_flash.o
    0x080018b0   0x080018b0   0x00000120   Code   RO         1298    i.HAL_GPIO_Init     py32f0xx_hal_gpio.o
    0x080019d0   0x080019d0   0x0000000a   Code   RO         1300    i.HAL_GPIO_ReadPin  py32f0xx_hal_gpio.o
    0x080019da   0x080019da   0x0000000c   Code   RO         1302    i.HAL_GPIO_WritePin  py32f0xx_hal_gpio.o
    0x080019e6   0x080019e6   0x00000002   PAD
    0x080019e8   0x080019e8   0x0000000c   Code   RO          769    i.HAL_GetTick       py32f0xx_hal.o
    0x080019f4   0x080019f4   0x00000010   Code   RO          775    i.HAL_IncTick       py32f0xx_hal.o
    0x08001a04   0x08001a04   0x0000001a   Code   RO          776    i.HAL_Init          py32f0xx_hal.o
    0x08001a1e   0x08001a1e   0x00000002   PAD
    0x08001a20   0x08001a20   0x00000048   Code   RO          777    i.HAL_InitTick      py32f0xx_hal.o
    0x08001a68   0x08001a68   0x00000002   Code   RO          130    i.HAL_MspInit       py32f0xx_hal_msp.o
    0x08001a6a   0x08001a6a   0x00000002   PAD
    0x08001a6c   0x08001a6c   0x00000014   Code   RO         2425    i.HAL_NVIC_EnableIRQ  py32f0xx_hal_cortex.o
    0x08001a80   0x08001a80   0x00000044   Code   RO         2429    i.HAL_NVIC_SetPriority  py32f0xx_hal_cortex.o
    0x08001ac4   0x08001ac4   0x0000016c   Code   RO         2337    i.HAL_RCC_ClockConfig  py32f0xx_hal_rcc.o
    0x08001c30   0x08001c30   0x00000078   Code   RO         2344    i.HAL_RCC_GetSysClockFreq  py32f0xx_hal_rcc.o
    0x08001ca8   0x08001ca8   0x00000230   Code   RO         2347    i.HAL_RCC_OscConfig  py32f0xx_hal_rcc.o
    0x08001ed8   0x08001ed8   0x0000003c   Code   RO         2433    i.HAL_SYSTICK_Config  py32f0xx_hal_cortex.o
    0x08001f14   0x08001f14   0x00000048   Code   RO         1929    i.HAL_TIMEx_MasterConfigSynchronization  py32f0xx_hal_tim_ex.o
    0x08001f5c   0x08001f5c   0x0000002e   Code   RO         1403    i.HAL_TIM_Base_Init  py32f0xx_hal_tim.o
    0x08001f8a   0x08001f8a   0x00000002   Code   RO         1405    i.HAL_TIM_Base_MspInit  py32f0xx_hal_tim.o
    0x08001f8c   0x08001f8c   0x0000001e   Code   RO         1406    i.HAL_TIM_Base_Start  py32f0xx_hal_tim.o
    0x08001faa   0x08001faa   0x00000002   Code   RO          334    i.HardFault_Handler  py32f0xx_it.o
    0x08001fac   0x08001fac   0x00000098   Code   RO          641    i.Init_Task         app.o
    0x08002044   0x08002044   0x00000034   Code   RO          642    i.Key_Task          app.o
    0x08002078   0x08002078   0x00000002   Code   RO          335    i.NMI_Handler       py32f0xx_it.o
    0x0800207a   0x0800207a   0x00000002   Code   RO          336    i.PendSV_Handler    py32f0xx_it.o
    0x0800207c   0x0800207c   0x000000b8   Code   RO          643    i.Protection_Task   app.o
    0x08002134   0x08002134   0x000000d0   Code   RO          644    i.Rms_Task          app.o
    0x08002204   0x08002204   0x00000002   Code   RO          337    i.SVC_Handler       py32f0xx_it.o
    0x08002206   0x08002206   0x00000002   PAD
    0x08002208   0x08002208   0x00000014   Code   RO          338    i.SysTick_Handler   py32f0xx_it.o
    0x0800221c   0x0800221c   0x0000002c   Code   RO          384    i.SystemInit        system_py32f0xx.o
    0x08002248   0x08002248   0x0000002c   Code   RO          645    i.TASK_Process      app.o
    0x08002274   0x08002274   0x00000038   Code   RO          646    i.TASK_Remarks      app.o
    0x080022ac   0x080022ac   0x00000058   Code   RO         1477    i.TIM_Base_SetConfig  py32f0xx_hal_tim.o
    0x08002304   0x08002304   0x0000002e   Code   RO         2690    i.__ARM_clz         mf_p.l(depilogue.o)
    0x08002332   0x08002332   0x00000002   PAD
    0x08002334   0x08002334   0x0000002c   Code   RO         2653    i.__ARM_fpclassify  m_ps.l(fpclassify.o)
    0x08002360   0x08002360   0x000000ac   Code   RO         2655    i.__kernel_poly     m_ps.l(poly.o)
    0x0800240c   0x0800240c   0x00000014   Code   RO         2639    i.__mathlib_dbl_divzero  m_ps.l(dunder.o)
    0x08002420   0x08002420   0x00000008   Code   RO         2641    i.__mathlib_dbl_infnan2  m_ps.l(dunder.o)
    0x08002428   0x08002428   0x00000010   Code   RO         2642    i.__mathlib_dbl_invalid  m_ps.l(dunder.o)
    0x08002438   0x08002438   0x00000014   Code   RO         2643    i.__mathlib_dbl_overflow  m_ps.l(dunder.o)
    0x0800244c   0x0800244c   0x00000014   Code   RO         2645    i.__mathlib_dbl_underflow  m_ps.l(dunder.o)
    0x08002460   0x08002460   0x0000000e   Code   RO         2706    i.__scatterload_copy  mc_p.l(handlers.o)
    0x0800246e   0x0800246e   0x00000002   Code   RO         2707    i.__scatterload_null  mc_p.l(handlers.o)
    0x08002470   0x08002470   0x0000000e   Code   RO         2708    i.__scatterload_zeroinit  mc_p.l(handlers.o)
    0x0800247e   0x0800247e   0x00000002   PAD
    0x08002480   0x08002480   0x0000000c   Code   RO         2680    i.__set_errno       mc_p.l(errno.o)
    0x0800248c   0x0800248c   0x00000028   Code   RO          425    i.adc_ch_change     adc.o
    0x080024b4   0x080024b4   0x000000b0   Code   RO          647    i.calculate_rms     app.o
    0x08002564   0x08002564   0x00000088   Code   RO          648    i.count_down        app.o
    0x080025ec   0x080025ec   0x00000090   Code   RO          651    i.electric_read     app.o
    0x0800267c   0x0800267c   0x000000c8   Code   RO            3    i.main              main.o
    0x08002744   0x08002744   0x000009fc   Code   RO         2591    i.pow               m_ps.l(pow.o)
    0x08003140   0x08003140   0x00000012   Code   RO          466    i.power_switch      relay.o
    0x08003152   0x08003152   0x00000002   PAD
    0x08003154   0x08003154   0x000001c8   Code   RO          467    i.relay_control     relay.o
    0x0800331c   0x0800331c   0x00000070   Code   RO          468    i.relay_init        relay.o
    0x0800338c   0x0800338c   0x00000010   Code   RO          503    i.sdelay_us         aip1820.o
    0x0800339c   0x0800339c   0x00000048   Code   RO         2601    i.sqrt              m_ps.l(sqrt.o)
    0x080033e4   0x080033e4   0x00000060   Data   RO          386    .constdata          system_py32f0xx.o
    0x08003444   0x08003444   0x00000020   Data   RO         1177    .constdata          py32f0xx_hal_flash.o
    0x08003464   0x08003464   0x00000014   Data   RO         2348    .constdata          py32f0xx_hal_rcc.o
    0x08003478   0x08003478   0x00000088   Data   RO         2592    .constdata          m_ps.l(pow.o)
    0x08003500   0x08003500   0x00000008   Data   RO         2657    .constdata          m_ps.l(qnan.o)
    0x08003508   0x08003508   0x00000020   Data   RO         2704    Region$$Table       anon$$obj.o


    Execution Region RW_IRAM1 (Exec base: 0x20000000, Load base: 0x08003528, Size: 0x000006d8, Max: 0x00000c00, ABSOLUTE, COMPRESSED[0x0000005c])

    Exec Addr    Load Addr    Size         Type   Attr      Idx    E Section Name        Object

    0x20000000   COMPRESSED   0x000000c0   Data   RW          385    .ARM.__at_0x20000000  system_py32f0xx.o
    0x200000c0   COMPRESSED   0x00000001   Data   RW            4    .data               main.o
    0x200000c1   COMPRESSED   0x00000003   PAD
    0x200000c4   COMPRESSED   0x00000004   Data   RW          388    .data               system_py32f0xx.o
    0x200000c8   COMPRESSED   0x00000008   Data   RW          429    .data               adc.o
    0x200000d0   COMPRESSED   0x00000011   Data   RW          504    .data               aip1820.o
    0x200000e1   COMPRESSED   0x00000003   PAD
    0x200000e4   COMPRESSED   0x0000006b   Data   RW          653    .data               app.o
    0x2000014f   COMPRESSED   0x00000001   PAD
    0x20000150   COMPRESSED   0x0000000c   Data   RW          783    .data               py32f0xx_hal.o
    0x2000015c   COMPRESSED   0x00000004   Data   RW         2681    .data               mc_p.l(errno.o)
    0x20000160        -       0x00000064   Zero   RW          427    .bss                adc.o
    0x200001c4        -       0x000000fc   Zero   RW          652    .bss                app.o
    0x200002c0        -       0x00000018   Zero   RW         1176    .bss                py32f0xx_hal_flash.o
    0x200002d8        -       0x00000400   Zero   RW          628    STACK               startup_py32f002xx.o


==============================================================================

Image component sizes


      Code (inc. data)   RO Data    RW Data    ZI Data      Debug   Object Name

       324         52          0          8        100       2270   adc.o
       480         26          0         17          0     155576   aip1820.o
      2292        194          0        107        252      10890   app.o
       200         12          0          1          0     212196   main.o
         2          0          0          0          0        420   py32f002xx_start_kit.o
       162         22          0         12          0       3721   py32f0xx_hal.o
      1212         46          0          0          0       7044   py32f0xx_hal_adc.o
       148         28          0          0          0       8777   py32f0xx_hal_cortex.o
       580         74         32          0         24      15463   py32f0xx_hal_flash.o
       310         12          0          0          0       2955   py32f0xx_hal_gpio.o
       102          8          0          0          0     198812   py32f0xx_hal_msp.o
      1044         64         20          0          0       4134   py32f0xx_hal_rcc.o
       166         10          0          0          0       4361   py32f0xx_hal_tim.o
        72          6          0          0          0       1308   py32f0xx_hal_tim_ex.o
        28          6          0          0          0       2063   py32f0xx_it.o
       586         36          0          0          0       2296   relay.o
        28          8        192          0       1024        592   startup_py32f002xx.o
        92         22         96        196          0       1803   system_py32f0xx.o

    ----------------------------------------------------------------------
      7840        626        372        348       1400     634681   Object Totals
         0          0         32          0          0          0   (incl. Generated)
        12          0          0          7          0          0   (incl. Padding)

    ----------------------------------------------------------------------

      Code (inc. data)   RO Data    RW Data    ZI Data      Debug   Library Member Name

        84         14          0          0          0        340   dunder.o
        44          4          0          0          0         60   fpclassify.o
       172          0          0          0          0         76   poly.o
      2556        196        136          0          0        240   pow.o
         0          0          8          0          0          0   qnan.o
        72          6          0          0          0         76   sqrt.o
        86          0          0          0          0          0   __dczerorl2.o
         0          0          0          0          0          0   entry.o
         0          0          0          0          0          0   entry10a.o
         0          0          0          0          0          0   entry11a.o
         8          4          0          0          0          0   entry2.o
         4          0          0          0          0          0   entry5.o
         0          0          0          0          0          0   entry7b.o
         0          0          0          0          0          0   entry8b.o
         8          4          0          0          0          0   entry9a.o
        12          6          0          4          0         60   errno.o
        30          0          0          0          0          0   handlers.o
        40          0          0          0          0         72   idiv.o
        36          8          0          0          0         68   init.o
         0          0          0          0          0          0   iusefp.o
        32          0          0          0          0         68   llshl.o
        38          0          0          0          0         68   llsshr.o
        34          0          0          0          0         68   llushr.o
        44          0          0          0          0         72   uidiv.o
        40          2          0          0          0         68   cdrcmple.o
        56          0          0          0          0         68   d2f.o
       356          4          0          0          0        140   dadd.o
       240          6          0          0          0         84   ddiv.o
       236          0          0          0          0        216   depilogue.o
        60         10          0          0          0         68   dfixui.o
        40          6          0          0          0         68   dflti.o
        28          4          0          0          0         68   dfltui.o
       208          6          0          0          0         88   dmul.o
        44          0          0          0          0         72   dscalb.o
       162          0          0          0          0         80   dsqrt.o
        40          0          0          0          0         60   f2d.o
       124          0          0          0          0         72   fdiv.o
       130          0          0          0          0        144   fepilogue.o
        40          0          0          0          0         60   ffixui.o
        14          0          0          0          0         68   ffltui.o
       122          0          0          0          0         72   fmul.o

    ----------------------------------------------------------------------
      5252        280        144          4          0       2764   Library Totals
        12          0          0          0          0          0   (incl. Padding)

    ----------------------------------------------------------------------

      Code (inc. data)   RO Data    RW Data    ZI Data      Debug   Library Name

      2928        220        144          0          0        792   m_ps.l
       372         22          0          4          0        476   mc_p.l
      1940         38          0          0          0       1496   mf_p.l

    ----------------------------------------------------------------------
      5252        280        144          4          0       2764   Library Totals

    ----------------------------------------------------------------------

==============================================================================


      Code (inc. data)   RO Data    RW Data    ZI Data      Debug   

     13092        906        516        352       1400     633261   Grand Totals
     13092        906        516         92       1400     633261   ELF Image Totals (compressed)
     13092        906        516         92          0          0   ROM Totals

==============================================================================

    Total RO  Size (Code + RO Data)                13608 (  13.29kB)
    Total RW  Size (RW Data + ZI Data)              1752 (   1.71kB)
    Total ROM Size (Code + RO Data + RW Data)      13700 (  13.38kB)

==============================================================================

